Archive member included to satisfy reference by file (symbol)

.pio\build\NUCLEO-G474RE\lib358\libLuos.a(luos.o)
                              .pio\build\NUCLEO-G474RE\src\main.o (Luos_Init)
.pio\build\NUCLEO-G474RE\lib358\libLuos.a(luos_utils.o)
                              .pio\build\NUCLEO-G474RE\lib358\libLuos.a(luos.o) (Luos_assert)
.pio\build\NUCLEO-G474RE\lib358\libLuos.a(routing_table.o)
                              .pio\build\NUCLEO-G474RE\lib358\libLuos.a(luos.o) (RoutingTB_ComputeRoutingTableEntryNB)
.pio\build\NUCLEO-G474RE\lib358\libLuos.a(streaming.o)
                              .pio\build\NUCLEO-G474RE\lib358\libLuos.a(luos.o) (Stream_GetAvailableSampleNB)
.pio\build\NUCLEO-G474RE\lib358\libLuos.a(bootloader_core.o)
                              .pio\build\NUCLEO-G474RE\lib358\libLuos.a(luos.o) (LuosBootloader_MsgHandler)
.pio\build\NUCLEO-G474RE\lib358\libLuos.a(msg_alloc.o)
                              .pio\build\NUCLEO-G474RE\lib358\libLuos.a(luos_utils.o) (MsgAlloc_Init)
.pio\build\NUCLEO-G474RE\lib358\libLuos.a(port_manager.o)
                              .pio\build\NUCLEO-G474RE\lib358\libLuos.a(luos_utils.o) (PortMng_Init)
.pio\build\NUCLEO-G474RE\lib358\libLuos.a(robus.o)
                              .pio\build\NUCLEO-G474RE\lib358\libLuos.a(luos.o) (Robus_Init)
.pio\build\NUCLEO-G474RE\lib358\libLuos.a(transmission.o)
                              .pio\build\NUCLEO-G474RE\lib358\libLuos.a(robus.o) (Transmit_Process)
.pio\build\NUCLEO-G474RE\lib358\libLuos.a(reception.o)
                              .pio\build\NUCLEO-G474RE\lib358\libLuos.a(robus.o) (Recep_Init)
.pio\build\NUCLEO-G474RE\lib358\libLuos.a(target.o)
                              .pio\build\NUCLEO-G474RE\lib358\libLuos.a(reception.o) (Trgt_MulticastTargetBank)
.pio\build\NUCLEO-G474RE\libe4e\libButton.a(button.o)
                              .pio\build\NUCLEO-G474RE\src\main.o (Button_Init)
c:/users/nicol/.platformio/packages/toolchain-gccarmnoneeabi@1.70201.0/bin/../lib/gcc/arm-none-eabi/7.2.1/../../../../arm-none-eabi/lib/thumb/v7e-m\libc_nano.a(lib_a-exit.o)
                              c:/users/nicol/.platformio/packages/toolchain-gccarmnoneeabi@1.70201.0/bin/../lib/gcc/arm-none-eabi/7.2.1/../../../../arm-none-eabi/lib/thumb/v7e-m/crt0.o (exit)
c:/users/nicol/.platformio/packages/toolchain-gccarmnoneeabi@1.70201.0/bin/../lib/gcc/arm-none-eabi/7.2.1/../../../../arm-none-eabi/lib/thumb/v7e-m\libc_nano.a(lib_a-impure.o)
                              c:/users/nicol/.platformio/packages/toolchain-gccarmnoneeabi@1.70201.0/bin/../lib/gcc/arm-none-eabi/7.2.1/../../../../arm-none-eabi/lib/thumb/v7e-m\libc_nano.a(lib_a-exit.o) (_global_impure_ptr)
c:/users/nicol/.platformio/packages/toolchain-gccarmnoneeabi@1.70201.0/bin/../lib/gcc/arm-none-eabi/7.2.1/../../../../arm-none-eabi/lib/thumb/v7e-m\libc_nano.a(lib_a-init.o)
                              c:/users/nicol/.platformio/packages/toolchain-gccarmnoneeabi@1.70201.0/bin/../lib/gcc/arm-none-eabi/7.2.1/../../../../arm-none-eabi/lib/thumb/v7e-m/crt0.o (__libc_init_array)
c:/users/nicol/.platformio/packages/toolchain-gccarmnoneeabi@1.70201.0/bin/../lib/gcc/arm-none-eabi/7.2.1/../../../../arm-none-eabi/lib/thumb/v7e-m\libc_nano.a(lib_a-memcpy-stub.o)
                              .pio\build\NUCLEO-G474RE\lib358\libLuos.a(luos.o) (memcpy)
c:/users/nicol/.platformio/packages/toolchain-gccarmnoneeabi@1.70201.0/bin/../lib/gcc/arm-none-eabi/7.2.1/../../../../arm-none-eabi/lib/thumb/v7e-m\libc_nano.a(lib_a-memset.o)
                              c:/users/nicol/.platformio/packages/toolchain-gccarmnoneeabi@1.70201.0/bin/../lib/gcc/arm-none-eabi/7.2.1/../../../../arm-none-eabi/lib/thumb/v7e-m/crt0.o (memset)
c:/users/nicol/.platformio/packages/toolchain-gccarmnoneeabi@1.70201.0/bin/../lib/gcc/arm-none-eabi/7.2.1/../../../../arm-none-eabi/lib/thumb/v7e-m\libc_nano.a(lib_a-sprintf.o)
                              .pio\build\NUCLEO-G474RE\lib358\libLuos.a(routing_table.o) (sprintf)
c:/users/nicol/.platformio/packages/toolchain-gccarmnoneeabi@1.70201.0/bin/../lib/gcc/arm-none-eabi/7.2.1/../../../../arm-none-eabi/lib/thumb/v7e-m\libc_nano.a(lib_a-strcmp.o)
                              .pio\build\NUCLEO-G474RE\lib358\libLuos.a(routing_table.o) (strcmp)
c:/users/nicol/.platformio/packages/toolchain-gccarmnoneeabi@1.70201.0/bin/../lib/gcc/arm-none-eabi/7.2.1/../../../../arm-none-eabi/lib/thumb/v7e-m\libc_nano.a(lib_a-strlen.o)
                              .pio\build\NUCLEO-G474RE\lib358\libLuos.a(luos_utils.o) (strlen)
c:/users/nicol/.platformio/packages/toolchain-gccarmnoneeabi@1.70201.0/bin/../lib/gcc/arm-none-eabi/7.2.1/../../../../arm-none-eabi/lib/thumb/v7e-m\libc_nano.a(lib_a-nano-svfprintf.o)
                              c:/users/nicol/.platformio/packages/toolchain-gccarmnoneeabi@1.70201.0/bin/../lib/gcc/arm-none-eabi/7.2.1/../../../../arm-none-eabi/lib/thumb/v7e-m\libc_nano.a(lib_a-sprintf.o) (_svfprintf_r)
[...]
Memory Configuration

Name             Origin             Length             Attributes
RAM              0x20000000         0x00008000         xrw
FLASH            0x0800c800         0x00013800         xr
*default*        0x00000000         0xffffffff

Linker script and memory map

LOAD c:/users/nicol/.platformio/packages/toolchain-gccarmnoneeabi@1.70201.0/bin/../lib/gcc/arm-none-eabi/7.2.1/thumb/v7e-m/crti.o
LOAD c:/users/nicol/.platformio/packages/toolchain-gccarmnoneeabi@1.70201.0/bin/../lib/gcc/arm-none-eabi/7.2.1/thumb/v7e-m/crtbegin.o
LOAD c:/users/nicol/.platformio/packages/toolchain-gccarmnoneeabi@1.70201.0/bin/../lib/gcc/arm-none-eabi/7.2.1/../../../../arm-none-eabi/lib/thumb/v7e-m/crt0.o
LOAD .pio\build\NUCLEO-G474RE\FrameworkHALDriver\Src\stm32g4xx_hal.o
LOAD .pio\build\NUCLEO-G474RE\FrameworkHALDriver\Src\stm32g4xx_hal_adc.o
LOAD .pio\build\NUCLEO-G474RE\FrameworkHALDriver\Src\stm32g4xx_hal_adc_ex.o
LOAD .pio\build\NUCLEO-G474RE\FrameworkHALDriver\Src\stm32g4xx_hal_comp.o
LOAD .pio\build\NUCLEO-G474RE\FrameworkHALDriver\Src\stm32g4xx_hal_cordic.o
LOAD .pio\build\NUCLEO-G474RE\FrameworkHALDriver\Src\stm32g4xx_hal_cortex.o
LOAD .pio\build\NUCLEO-G474RE\FrameworkHALDriver\Src\stm32g4xx_hal_crc.o
LOAD .pio\build\NUCLEO-G474RE\FrameworkHALDriver\Src\stm32g4xx_hal_crc_ex.o
LOAD .pio\build\NUCLEO-G474RE\FrameworkHALDriver\Src\stm32g4xx_hal_cryp.o
LOAD .pio\build\NUCLEO-G474RE\FrameworkHALDriver\Src\stm32g4xx_hal_cryp_ex.o
LOAD .pio\build\NUCLEO-G474RE\FrameworkHALDriver\Src\stm32g4xx_hal_dac.o
LOAD .pio\build\NUCLEO-G474RE\FrameworkHALDriver\Src\stm32g4xx_hal_dac_ex.o
LOAD .pio\build\NUCLEO-G474RE\FrameworkHALDriver\Src\stm32g4xx_hal_dma.o
LOAD .pio\build\NUCLEO-G474RE\FrameworkHALDriver\Src\stm32g4xx_hal_dma_ex.o
LOAD .pio\build\NUCLEO-G474RE\FrameworkHALDriver\Src\stm32g4xx_hal_exti.o
LOAD .pio\build\NUCLEO-G474RE\FrameworkHALDriver\Src\stm32g4xx_hal_fdcan.o
LOAD .pio\build\NUCLEO-G474RE\FrameworkHALDriver\Src\stm32g4xx_hal_flash.o
LOAD .pio\build\NUCLEO-G474RE\FrameworkHALDriver\Src\stm32g4xx_hal_flash_ex.o
LOAD .pio\build\NUCLEO-G474RE\FrameworkHALDriver\Src\stm32g4xx_hal_flash_ramfunc.o
LOAD .pio\build\NUCLEO-G474RE\FrameworkHALDriver\Src\stm32g4xx_hal_fmac.o
LOAD .pio\build\NUCLEO-G474RE\FrameworkHALDriver\Src\stm32g4xx_hal_gpio.o
LOAD .pio\build\NUCLEO-G474RE\FrameworkHALDriver\Src\stm32g4xx_hal_hrtim.o
LOAD .pio\build\NUCLEO-G474RE\FrameworkHALDriver\Src\stm32g4xx_hal_i2c.o
LOAD .pio\build\NUCLEO-G474RE\FrameworkHALDriver\Src\stm32g4xx_hal_i2c_ex.o
LOAD .pio\build\NUCLEO-G474RE\FrameworkHALDriver\Src\stm32g4xx_hal_i2s.o
LOAD .pio\build\NUCLEO-G474RE\FrameworkHALDriver\Src\stm32g4xx_hal_irda.o
LOAD .pio\build\NUCLEO-G474RE\FrameworkHALDriver\Src\stm32g4xx_hal_iwdg.o
LOAD .pio\build\NUCLEO-G474RE\FrameworkHALDriver\Src\stm32g4xx_hal_lptim.o
LOAD .pio\build\NUCLEO-G474RE\FrameworkHALDriver\Src\stm32g4xx_hal_nand.o
LOAD .pio\build\NUCLEO-G474RE\FrameworkHALDriver\Src\stm32g4xx_hal_nor.o
LOAD .pio\build\NUCLEO-G474RE\FrameworkHALDriver\Src\stm32g4xx_hal_opamp.o
LOAD .pio\build\NUCLEO-G474RE\FrameworkHALDriver\Src\stm32g4xx_hal_opamp_ex.o
LOAD .pio\build\NUCLEO-G474RE\FrameworkHALDriver\Src\stm32g4xx_hal_pcd.o
LOAD .pio\build\NUCLEO-G474RE\FrameworkHALDriver\Src\stm32g4xx_hal_pcd_ex.o
LOAD .pio\build\NUCLEO-G474RE\FrameworkHALDriver\Src\stm32g4xx_hal_pwr.o
LOAD .pio\build\NUCLEO-G474RE\FrameworkHALDriver\Src\stm32g4xx_hal_pwr_ex.o
LOAD .pio\build\NUCLEO-G474RE\FrameworkHALDriver\Src\stm32g4xx_hal_qspi.o
LOAD .pio\build\NUCLEO-G474RE\FrameworkHALDriver\Src\stm32g4xx_hal_rcc.o
LOAD .pio\build\NUCLEO-G474RE\FrameworkHALDriver\Src\stm32g4xx_hal_rcc_ex.o
LOAD .pio\build\NUCLEO-G474RE\FrameworkHALDriver\Src\stm32g4xx_hal_rng.o
LOAD .pio\build\NUCLEO-G474RE\FrameworkHALDriver\Src\stm32g4xx_hal_rtc.o
LOAD .pio\build\NUCLEO-G474RE\FrameworkHALDriver\Src\stm32g4xx_hal_rtc_ex.o
LOAD .pio\build\NUCLEO-G474RE\FrameworkHALDriver\Src\stm32g4xx_hal_sai.o
LOAD .pio\build\NUCLEO-G474RE\FrameworkHALDriver\Src\stm32g4xx_hal_sai_ex.o
LOAD .pio\build\NUCLEO-G474RE\FrameworkHALDriver\Src\stm32g4xx_hal_smartcard.o
LOAD .pio\build\NUCLEO-G474RE\FrameworkHALDriver\Src\stm32g4xx_hal_smartcard_ex.o
LOAD .pio\build\NUCLEO-G474RE\FrameworkHALDriver\Src\stm32g4xx_hal_smbus.o
LOAD .pio\build\NUCLEO-G474RE\FrameworkHALDriver\Src\stm32g4xx_hal_spi.o
LOAD .pio\build\NUCLEO-G474RE\FrameworkHALDriver\Src\stm32g4xx_hal_spi_ex.o
LOAD .pio\build\NUCLEO-G474RE\FrameworkHALDriver\Src\stm32g4xx_hal_sram.o
LOAD .pio\build\NUCLEO-G474RE\FrameworkHALDriver\Src\stm32g4xx_hal_tim.o
LOAD .pio\build\NUCLEO-G474RE\FrameworkHALDriver\Src\stm32g4xx_hal_tim_ex.o
LOAD .pio\build\NUCLEO-G474RE\FrameworkHALDriver\Src\stm32g4xx_hal_uart.o
LOAD .pio\build\NUCLEO-G474RE\FrameworkHALDriver\Src\stm32g4xx_hal_uart_ex.o
LOAD .pio\build\NUCLEO-G474RE\FrameworkHALDriver\Src\stm32g4xx_hal_usart.o
LOAD .pio\build\NUCLEO-G474RE\FrameworkHALDriver\Src\stm32g4xx_hal_usart_ex.o
LOAD .pio\build\NUCLEO-G474RE\FrameworkHALDriver\Src\stm32g4xx_hal_wwdg.o
LOAD .pio\build\NUCLEO-G474RE\FrameworkHALDriver\Src\stm32g4xx_ll_adc.o
LOAD .pio\build\NUCLEO-G474RE\FrameworkHALDriver\Src\stm32g4xx_ll_comp.o
LOAD .pio\build\NUCLEO-G474RE\FrameworkHALDriver\Src\stm32g4xx_ll_cordic.o
LOAD .pio\build\NUCLEO-G474RE\FrameworkHALDriver\Src\stm32g4xx_ll_crc.o
LOAD .pio\build\NUCLEO-G474RE\FrameworkHALDriver\Src\stm32g4xx_ll_crs.o
LOAD .pio\build\NUCLEO-G474RE\FrameworkHALDriver\Src\stm32g4xx_ll_dac.o
LOAD .pio\build\NUCLEO-G474RE\FrameworkHALDriver\Src\stm32g4xx_ll_dma.o
LOAD .pio\build\NUCLEO-G474RE\FrameworkHALDriver\Src\stm32g4xx_ll_exti.o
LOAD .pio\build\NUCLEO-G474RE\FrameworkHALDriver\Src\stm32g4xx_ll_fmac.o
LOAD .pio\build\NUCLEO-G474RE\FrameworkHALDriver\Src\stm32g4xx_ll_fmc.o
LOAD .pio\build\NUCLEO-G474RE\FrameworkHALDriver\Src\stm32g4xx_ll_gpio.o
LOAD .pio\build\NUCLEO-G474RE\FrameworkHALDriver\Src\stm32g4xx_ll_hrtim.o
LOAD .pio\build\NUCLEO-G474RE\FrameworkHALDriver\Src\stm32g4xx_ll_i2c.o
LOAD .pio\build\NUCLEO-G474RE\FrameworkHALDriver\Src\stm32g4xx_ll_lptim.o
LOAD .pio\build\NUCLEO-G474RE\FrameworkHALDriver\Src\stm32g4xx_ll_lpuart.o
LOAD .pio\build\NUCLEO-G474RE\FrameworkHALDriver\Src\stm32g4xx_ll_opamp.o
LOAD .pio\build\NUCLEO-G474RE\FrameworkHALDriver\Src\stm32g4xx_ll_pwr.o
LOAD .pio\build\NUCLEO-G474RE\FrameworkHALDriver\Src\stm32g4xx_ll_rcc.o
LOAD .pio\build\NUCLEO-G474RE\FrameworkHALDriver\Src\stm32g4xx_ll_rng.o
LOAD .pio\build\NUCLEO-G474RE\FrameworkHALDriver\Src\stm32g4xx_ll_rtc.o
LOAD .pio\build\NUCLEO-G474RE\FrameworkHALDriver\Src\stm32g4xx_ll_spi.o
LOAD .pio\build\NUCLEO-G474RE\FrameworkHALDriver\Src\stm32g4xx_ll_tim.o
LOAD .pio\build\NUCLEO-G474RE\FrameworkHALDriver\Src\stm32g4xx_ll_ucpd.o
LOAD .pio\build\NUCLEO-G474RE\FrameworkHALDriver\Src\stm32g4xx_ll_usart.o
LOAD .pio\build\NUCLEO-G474RE\FrameworkHALDriver\Src\stm32g4xx_ll_usb.o
LOAD .pio\build\NUCLEO-G474RE\FrameworkHALDriver\Src\stm32g4xx_ll_utils.o
LOAD .pio\build\NUCLEO-G474RE\src\gpio.o
LOAD .pio\build\NUCLEO-G474RE\src\main.o
LOAD .pio\build\NUCLEO-G474RE\src\stm32g4xx_hal_msp.o
LOAD .pio\build\NUCLEO-G474RE\src\stm32g4xx_it.o
LOAD .pio\build\NUCLEO-G474RE\src\system_stm32g4xx.o
START GROUP
LOAD .pio\build\NUCLEO-G474RE\lib0e6\libLuosHAL.a
LOAD .pio\build\NUCLEO-G474RE\lib358\libLuos.a
LOAD .pio\build\NUCLEO-G474RE\libe4e\libButton.a
LOAD c:/users/nicol/.platformio/packages/toolchain-gccarmnoneeabi@1.70201.0/bin/../lib/gcc/arm-none-eabi/7.2.1/../../../../arm-none-eabi/lib/thumb/v7e-m\libc_nano.a
LOAD c:/users/nicol/.platformio/packages/toolchain-gccarmnoneeabi@1.70201.0/bin/../lib/gcc/arm-none-eabi/7.2.1/thumb/v7e-m\libgcc.a
LOAD c:/users/nicol/.platformio/packages/toolchain-gccarmnoneeabi@1.70201.0/bin/../lib/gcc/arm-none-eabi/7.2.1/../../../../arm-none-eabi/lib/thumb/v7e-m\libm.a
LOAD c:/users/nicol/.platformio/packages/toolchain-gccarmnoneeabi@1.70201.0/bin/../lib/gcc/arm-none-eabi/7.2.1/../../../../arm-none-eabi/lib/thumb/v7e-m\libstdc++_nano.a
LOAD c:/users/nicol/.platformio/packages/toolchain-gccarmnoneeabi@1.70201.0/bin/../lib/gcc/arm-none-eabi/7.2.1/../../../../arm-none-eabi/lib/thumb/v7e-m\libnosys.a
LOAD .pio\build\NUCLEO-G474RE\libFrameworkCMSISDevice.a
END GROUP
START GROUP
LOAD c:/users/nicol/.platformio/packages/toolchain-gccarmnoneeabi@1.70201.0/bin/../lib/gcc/arm-none-eabi/7.2.1/thumb/v7e-m\libgcc.a
LOAD c:/users/nicol/.platformio/packages/toolchain-gccarmnoneeabi@1.70201.0/bin/../lib/gcc/arm-none-eabi/7.2.1/../../../../arm-none-eabi/lib/thumb/v7e-m\libc_nano.a
END GROUP
START GROUP
LOAD c:/users/nicol/.platformio/packages/toolchain-gccarmnoneeabi@1.70201.0/bin/../lib/gcc/arm-none-eabi/7.2.1/thumb/v7e-m\libgcc.a
LOAD c:/users/nicol/.platformio/packages/toolchain-gccarmnoneeabi@1.70201.0/bin/../lib/gcc/arm-none-eabi/7.2.1/../../../../arm-none-eabi/lib/thumb/v7e-m\libc_nano.a
LOAD c:/users/nicol/.platformio/packages/toolchain-gccarmnoneeabi@1.70201.0/bin/../lib/gcc/arm-none-eabi/7.2.1/../../../../arm-none-eabi/lib/thumb/v7e-m\libnosys.a
END GROUP
START GROUP
LOAD c:/users/nicol/.platformio/packages/toolchain-gccarmnoneeabi@1.70201.0/bin/../lib/gcc/arm-none-eabi/7.2.1/thumb/v7e-m\libgcc.a
LOAD c:/users/nicol/.platformio/packages/toolchain-gccarmnoneeabi@1.70201.0/bin/../lib/gcc/arm-none-eabi/7.2.1/../../../../arm-none-eabi/lib/thumb/v7e-m\libc_nano.a
LOAD c:/users/nicol/.platformio/packages/toolchain-gccarmnoneeabi@1.70201.0/bin/../lib/gcc/arm-none-eabi/7.2.1/../../../../arm-none-eabi/lib/thumb/v7e-m\libnosys.a
END GROUP
LOAD c:/users/nicol/.platformio/packages/toolchain-gccarmnoneeabi@1.70201.0/bin/../lib/gcc/arm-none-eabi/7.2.1/thumb/v7e-m/crtend.o
LOAD c:/users/nicol/.platformio/packages/toolchain-gccarmnoneeabi@1.70201.0/bin/../lib/gcc/arm-none-eabi/7.2.1/thumb/v7e-m/crtn.o
                0x20008000                _estack = (ORIGIN (RAM) + LENGTH (RAM))
                0x00000200                _Min_Heap_Size = 0x200
                0x00000400                _Min_Stack_Size = 0x400

.isr_vector     0x0800c800      0x1d8
                0x0800c800                . = ALIGN (0x4)
 *(.isr_vector)
 .isr_vector    0x0800c800      0x1d8 .pio\build\NUCLEO-G474RE\libFrameworkCMSISDevice.a(startup_stm32g474xx.o)
                0x0800c800                g_pfnVectors
                0x0800c9d8                . = ALIGN (0x4)

.text           0x0800c9d8     0x6948
                0x0800c9d8                . = ALIGN (0x4)
 *(.text)
 .text          0x0800c9d8       0x40 c:/users/nicol/.platformio/packages/toolchain-gccarmnoneeabi@1.70201.0/bin/../lib/gcc/arm-none-eabi/7.2.1/thumb/v7e-m/crtbegin.o
 .text          0x0800ca18       0x10 c:/users/nicol/.platformio/packages/toolchain-gccarmnoneeabi@1.70201.0/bin/../lib/gcc/arm-none-eabi/7.2.1/../../../../arm-none-eabi/lib/thumb/v7e-m\libc_nano.a(lib_a-strlen.o)
                0x0800ca18                strlen
 .text          0x0800ca28      0x2a0 c:/users/nicol/.platformio/packages/toolchain-gccarmnoneeabi@1.70201.0/bin/../lib/gcc/arm-none-eabi/7.2.1/thumb/v7e-m\libgcc.a(_arm_muldivsf3.o)
                0x0800ca28                __mulsf3
                0x0800ca28                __aeabi_fmul
                0x0800cb90                __aeabi_fdiv
                0x0800cb90                __divsf3
 .text          0x0800ccc8       0x40 c:/users/nicol/.platformio/packages/toolchain-gccarmnoneeabi@1.70201.0/bin/../lib/gcc/arm-none-eabi/7.2.1/thumb/v7e-m\libgcc.a(_arm_fixunssfsi.o)
                0x0800ccc8                __fixunssfsi
                0x0800ccc8                __aeabi_f2uiz
 *(.text*)
 .text.HAL_MspDeInit
                0x0800cd08        0x2 .pio\build\NUCLEO-G474RE\FrameworkHALDriver\Src\stm32g4xx_hal.o
                0x0800cd08                HAL_MspDeInit
 *fill*         0x0800cd0a        0x2 
 .text.HAL_DeInit
                0x0800cd0c       0x2c .pio\build\NUCLEO-G474RE\FrameworkHALDriver\Src\stm32g4xx_hal.o
                0x0800cd0c                HAL_DeInit
 .text.HAL_InitTick
                0x0800cd38       0x50 .pio\build\NUCLEO-G474RE\FrameworkHALDriver\Src\stm32g4xx_hal.o
                0x0800cd38                HAL_InitTick
 .text.HAL_Init
                0x0800cd88       0x1e .pio\build\NUCLEO-G474RE\FrameworkHALDriver\Src\stm32g4xx_hal.o
                0x0800cd88                HAL_Init
 *fill*         0x0800cda6        0x2 
 .text.HAL_IncTick
                0x0800cda8       0x18 .pio\build\NUCLEO-G474RE\FrameworkHALDriver\Src\stm32g4xx_hal.o
                0x0800cda8                HAL_IncTick
 .text.HAL_GetTick
                0x0800cdc0        0xc .pio\build\NUCLEO-G474RE\FrameworkHALDriver\Src\stm32g4xx_hal.o
                0x0800cdc0                HAL_GetTick
 .text.HAL_Delay
                0x0800cdcc       0x28 .pio\build\NUCLEO-G474RE\FrameworkHALDriver\Src\stm32g4xx_hal.o
                0x0800cdcc                HAL_Delay
 .text.HAL_NVIC_SetPriorityGrouping
                0x0800cdf4       0x24 .pio\build\NUCLEO-G474RE\FrameworkHALDriver\Src\stm32g4xx_hal_cortex.o
                0x0800cdf4                HAL_NVIC_SetPriorityGrouping
 .text.HAL_NVIC_SetPriority
                0x0800ce18       0x64 .pio\build\NUCLEO-G474RE\FrameworkHALDriver\Src\stm32g4xx_hal_cortex.o
                0x0800ce18                HAL_NVIC_SetPriority
 .text.HAL_NVIC_EnableIRQ
                0x0800ce7c       0x1c .pio\build\NUCLEO-G474RE\FrameworkHALDriver\Src\stm32g4xx_hal_cortex.o
                0x0800ce7c                HAL_NVIC_EnableIRQ
 .text.HAL_SYSTICK_Config
                0x0800ce98       0x2c .pio\build\NUCLEO-G474RE\FrameworkHALDriver\Src\stm32g4xx_hal_cortex.o
                0x0800ce98                HAL_SYSTICK_Config
 .text.CRC_Handle_8
                0x0800cec4       0x7e .pio\build\NUCLEO-G474RE\FrameworkHALDriver\Src\stm32g4xx_hal_crc.o
 .text.CRC_Handle_16
                0x0800cf42       0x4a .pio\build\NUCLEO-G474RE\FrameworkHALDriver\Src\stm32g4xx_hal_crc.o
 .text.HAL_CRC_MspInit
                0x0800cf8c        0x2 .pio\build\NUCLEO-G474RE\FrameworkHALDriver\Src\stm32g4xx_hal_crc.o
                0x0800cf8c                HAL_CRC_MspInit
 *fill*         0x0800cf8e        0x2 
 .text.HAL_CRC_Init
                0x0800cf90       0x80 .pio\build\NUCLEO-G474RE\FrameworkHALDriver\Src\stm32g4xx_hal_crc.o
                0x0800cf90                HAL_CRC_Init
 .text.HAL_CRC_Accumulate
                0x0800d010       0x44 .pio\build\NUCLEO-G474RE\FrameworkHALDriver\Src\stm32g4xx_hal_crc.o
                0x0800d010                HAL_CRC_Accumulate
 .text.HAL_CRCEx_Polynomial_Set
                0x0800d054       0x7c .pio\build\NUCLEO-G474RE\FrameworkHALDriver\Src\stm32g4xx_hal_crc_ex.o
                0x0800d054                HAL_CRCEx_Polynomial_Set
 .text.FLASH_Program_Fast
                0x0800d0d0       0x30 .pio\build\NUCLEO-G474RE\FrameworkHALDriver\Src\stm32g4xx_hal_flash.o
 .text.HAL_FLASH_Unlock
                0x0800d100       0x28 .pio\build\NUCLEO-G474RE\FrameworkHALDriver\Src\stm32g4xx_hal_flash.o
                0x0800d100                HAL_FLASH_Unlock
 .text.HAL_FLASH_Lock
                0x0800d128       0x18 .pio\build\NUCLEO-G474RE\FrameworkHALDriver\Src\stm32g4xx_hal_flash.o
                0x0800d128                HAL_FLASH_Lock
 .text.FLASH_WaitForLastOperation
                0x0800d140       0x60 .pio\build\NUCLEO-G474RE\FrameworkHALDriver\Src\stm32g4xx_hal_flash.o
                0x0800d140                FLASH_WaitForLastOperation
 .text.HAL_FLASH_Program
                0x0800d1a0       0x94 .pio\build\NUCLEO-G474RE\FrameworkHALDriver\Src\stm32g4xx_hal_flash.o
                0x0800d1a0                HAL_FLASH_Program
 .text.FLASH_MassErase
                0x0800d234       0x4c .pio\build\NUCLEO-G474RE\FrameworkHALDriver\Src\stm32g4xx_hal_flash_ex.o
 .text.FLASH_PageErase
                0x0800d280       0x54 .pio\build\NUCLEO-G474RE\FrameworkHALDriver\Src\stm32g4xx_hal_flash_ex.o
                0x0800d280                FLASH_PageErase
 .text.FLASH_FlushCaches
                0x0800d2d4       0x60 .pio\build\NUCLEO-G474RE\FrameworkHALDriver\Src\stm32g4xx_hal_flash_ex.o
                0x0800d2d4                FLASH_FlushCaches
 .text.HAL_FLASHEx_Erase
                0x0800d334      0x10c .pio\build\NUCLEO-G474RE\FrameworkHALDriver\Src\stm32g4xx_hal_flash_ex.o
                0x0800d334                HAL_FLASHEx_Erase
 .text.HAL_GPIO_Init
                0x0800d440      0x1c4 .pio\build\NUCLEO-G474RE\FrameworkHALDriver\Src\stm32g4xx_hal_gpio.o
                0x0800d440                HAL_GPIO_Init
 .text.HAL_GPIO_ReadPin
                0x0800d604        0xc .pio\build\NUCLEO-G474RE\FrameworkHALDriver\Src\stm32g4xx_hal_gpio.o
                0x0800d604                HAL_GPIO_ReadPin
 .text.HAL_GPIO_WritePin
                0x0800d610        0xa .pio\build\NUCLEO-G474RE\FrameworkHALDriver\Src\stm32g4xx_hal_gpio.o
                0x0800d610                HAL_GPIO_WritePin
 *fill*         0x0800d61a        0x2 
 .text.HAL_GPIO_EXTI_IRQHandler
                0x0800d61c       0x1c .pio\build\NUCLEO-G474RE\FrameworkHALDriver\Src\stm32g4xx_hal_gpio.o
                0x0800d61c                HAL_GPIO_EXTI_IRQHandler
 .text.HAL_PWREx_ControlVoltageScaling
                0x0800d638      0x11c .pio\build\NUCLEO-G474RE\FrameworkHALDriver\Src\stm32g4xx_hal_pwr_ex.o
                0x0800d638                HAL_PWREx_ControlVoltageScaling
 .text.HAL_RCC_DeInit
                0x0800d754       0xcc .pio\build\NUCLEO-G474RE\FrameworkHALDriver\Src\stm32g4xx_hal_rcc.o
                0x0800d754                HAL_RCC_DeInit
 .text.HAL_RCC_OscConfig
                0x0800d820      0x4f0 .pio\build\NUCLEO-G474RE\FrameworkHALDriver\Src\stm32g4xx_hal_rcc.o
                0x0800d820                HAL_RCC_OscConfig
 .text.HAL_RCC_GetSysClockFreq
                0x0800dd10       0x78 .pio\build\NUCLEO-G474RE\FrameworkHALDriver\Src\stm32g4xx_hal_rcc.o
                0x0800dd10                HAL_RCC_GetSysClockFreq
 .text.HAL_RCC_ClockConfig
                0x0800dd88      0x250 .pio\build\NUCLEO-G474RE\FrameworkHALDriver\Src\stm32g4xx_hal_rcc.o
                0x0800dd88                HAL_RCC_ClockConfig
 .text.RCC_GetHCLKClockFreq
                0x0800dfd8       0x1c .pio\build\NUCLEO-G474RE\FrameworkHALDriver\Src\stm32g4xx_ll_rcc.o
                0x0800dfd8                RCC_GetHCLKClockFreq
 .text.RCC_GetPCLK1ClockFreq
                0x0800dff4       0x1c .pio\build\NUCLEO-G474RE\FrameworkHALDriver\Src\stm32g4xx_ll_rcc.o
                0x0800dff4                RCC_GetPCLK1ClockFreq
 .text.RCC_GetPCLK2ClockFreq
                0x0800e010       0x1c .pio\build\NUCLEO-G474RE\FrameworkHALDriver\Src\stm32g4xx_ll_rcc.o
                0x0800e010                RCC_GetPCLK2ClockFreq
 .text.RCC_PLL_GetFreqDomain_SYS
                0x0800e02c       0x48 .pio\build\NUCLEO-G474RE\FrameworkHALDriver\Src\stm32g4xx_ll_rcc.o
                0x0800e02c                RCC_PLL_GetFreqDomain_SYS
 .text.RCC_GetSystemClockFreq
                0x0800e074       0x2c .pio\build\NUCLEO-G474RE\FrameworkHALDriver\Src\stm32g4xx_ll_rcc.o
                0x0800e074                RCC_GetSystemClockFreq
 .text.LL_RCC_GetUSARTClockFreq
                0x0800e0a0      0x13c .pio\build\NUCLEO-G474RE\FrameworkHALDriver\Src\stm32g4xx_ll_rcc.o
                0x0800e0a0                LL_RCC_GetUSARTClockFreq
 .text.LL_RCC_GetUARTClockFreq
                0x0800e1dc       0xdc .pio\build\NUCLEO-G474RE\FrameworkHALDriver\Src\stm32g4xx_ll_rcc.o
                0x0800e1dc                LL_RCC_GetUARTClockFreq
 .text.LL_TIM_Init
                0x0800e2b8      0x14c .pio\build\NUCLEO-G474RE\FrameworkHALDriver\Src\stm32g4xx_ll_tim.o
                0x0800e2b8                LL_TIM_Init
 .text.LL_USART_Init
                0x0800e404      0x11c .pio\build\NUCLEO-G474RE\FrameworkHALDriver\Src\stm32g4xx_ll_usart.o
                0x0800e404                LL_USART_Init
 .text.MX_GPIO_Init
                0x0800e520       0x7c .pio\build\NUCLEO-G474RE\src\gpio.o
                0x0800e520                MX_GPIO_Init
 .text.SystemClock_Config
                0x0800e59c       0x70 .pio\build\NUCLEO-G474RE\src\main.o
                0x0800e59c                SystemClock_Config
 .text.main     0x0800e60c       0x28 .pio\build\NUCLEO-G474RE\src\main.o
                0x0800e60c                main
 .text.HAL_MspInit
                0x0800e634       0x30 .pio\build\NUCLEO-G474RE\src\stm32g4xx_hal_msp.o
                0x0800e634                HAL_MspInit
 .text.NMI_Handler
                0x0800e664        0x2 .pio\build\NUCLEO-G474RE\src\stm32g4xx_it.o
                0x0800e664                NMI_Handler
 .text.HardFault_Handler
                0x0800e666        0x2 .pio\build\NUCLEO-G474RE\src\stm32g4xx_it.o
                0x0800e666                HardFault_Handler
 .text.MemManage_Handler
                0x0800e668        0x2 .pio\build\NUCLEO-G474RE\src\stm32g4xx_it.o
                0x0800e668                MemManage_Handler
 .text.BusFault_Handler
                0x0800e66a        0x2 .pio\build\NUCLEO-G474RE\src\stm32g4xx_it.o
                0x0800e66a                BusFault_Handler
 .text.UsageFault_Handler
                0x0800e66c        0x2 .pio\build\NUCLEO-G474RE\src\stm32g4xx_it.o
                0x0800e66c                UsageFault_Handler
 .text.SVC_Handler
                0x0800e66e        0x2 .pio\build\NUCLEO-G474RE\src\stm32g4xx_it.o
                0x0800e66e                SVC_Handler
 .text.DebugMon_Handler
                0x0800e670        0x2 .pio\build\NUCLEO-G474RE\src\stm32g4xx_it.o
                0x0800e670                DebugMon_Handler
 .text.PendSV_Handler
                0x0800e672        0x2 .pio\build\NUCLEO-G474RE\src\stm32g4xx_it.o
                0x0800e672                PendSV_Handler
 .text.SysTick_Handler
                0x0800e674        0x8 .pio\build\NUCLEO-G474RE\src\stm32g4xx_it.o
                0x0800e674                SysTick_Handler
 .text.EXTI9_5_IRQHandler
                0x0800e67c        0xc .pio\build\NUCLEO-G474RE\src\stm32g4xx_it.o
                0x0800e67c                EXTI9_5_IRQHandler
 .text.EXTI15_10_IRQHandler
                0x0800e688        0xc .pio\build\NUCLEO-G474RE\src\stm32g4xx_it.o
                0x0800e688                EXTI15_10_IRQHandler
 .text.SystemInit
                0x0800e694       0x10 .pio\build\NUCLEO-G474RE\src\system_stm32g4xx.o
                0x0800e694                SystemInit
 .text.Luos_SaveAlias
                0x0800e6a4       0x80 .pio\build\NUCLEO-G474RE\lib358\libLuos.a(luos.o)
 .text.Luos_Init
                0x0800e724       0x1c .pio\build\NUCLEO-G474RE\lib358\libLuos.a(luos.o)
                0x0800e724                Luos_Init
 .text.Luos_CreateService
                0x0800e740      0x184 .pio\build\NUCLEO-G474RE\lib358\libLuos.a(luos.o)
                0x0800e740                Luos_CreateService
 .text.Luos_SendMsg
                0x0800e8c4       0x2c .pio\build\NUCLEO-G474RE\lib358\libLuos.a(luos.o)
                0x0800e8c4                Luos_SendMsg
 .text.Luos_ReceiveData
                0x0800e8f0      0x13c .pio\build\NUCLEO-G474RE\lib358\libLuos.a(luos.o)
                0x0800e8f0                Luos_ReceiveData
 .text.Luos_Loop
                0x0800ea2c      0x27c .pio\build\NUCLEO-G474RE\lib358\libLuos.a(luos.o)
                0x0800ea2c                Luos_Loop
 .text.Luos_SendData
                0x0800eca8       0xa0 .pio\build\NUCLEO-G474RE\lib358\libLuos.a(luos.o)
                0x0800eca8                Luos_SendData
 .text.Luos_MsgHandler
                0x0800ed48      0x3e8 .pio\build\NUCLEO-G474RE\lib358\libLuos.a(luos.o)
 .text.node_assert
                0x0800f130        0x2 .pio\build\NUCLEO-G474RE\lib358\libLuos.a(luos_utils.o)
                0x0800f130                node_assert
 .text.Luos_assert
                0x0800f132       0x7c .pio\build\NUCLEO-G474RE\lib358\libLuos.a(luos_utils.o)
                0x0800f132                Luos_assert
 *fill*         0x0800f1ae        0x2 
 .text.RoutingTB_ComputeRoutingTableEntryNB
                0x0800f1b0       0x48 .pio\build\NUCLEO-G474RE\lib358\libLuos.a(routing_table.o)
                0x0800f1b0                RoutingTB_ComputeRoutingTableEntryNB
 .text.RoutingTB_ConvertNodeToRoutingTable
                0x0800f1f8       0x22 .pio\build\NUCLEO-G474RE\lib358\libLuos.a(routing_table.o)
                0x0800f1f8                RoutingTB_ConvertNodeToRoutingTable
 .text.RoutingTB_ConvertServiceToRoutingTable
                0x0800f21a       0x2a .pio\build\NUCLEO-G474RE\lib358\libLuos.a(routing_table.o)
                0x0800f21a                RoutingTB_ConvertServiceToRoutingTable
 .text.RoutingTB_RemoveOnRoutingTable
                0x0800f244       0x9c .pio\build\NUCLEO-G474RE\lib358\libLuos.a(routing_table.o)
                0x0800f244                RoutingTB_RemoveOnRoutingTable
 .text.RoutingTB_RemoveNode
                0x0800f2e0       0x74 .pio\build\NUCLEO-G474RE\lib358\libLuos.a(routing_table.o)
                0x0800f2e0                RoutingTB_RemoveNode
 .text.RoutingTB_Erase
                0x0800f354       0x28 .pio\build\NUCLEO-G474RE\lib358\libLuos.a(routing_table.o)
                0x0800f354                RoutingTB_Erase
 .text.RoutingTB_Get
                0x0800f37c        0x8 .pio\build\NUCLEO-G474RE\lib358\libLuos.a(routing_table.o)
                0x0800f37c                RoutingTB_Get
 .text.RoutingTB_GetLastEntry
                0x0800f384        0xc .pio\build\NUCLEO-G474RE\lib358\libLuos.a(routing_table.o)
                0x0800f384                RoutingTB_GetLastEntry
 .text.LuosBootloader_MsgHandler
                0x0800f390       0x2a .pio\build\NUCLEO-G474RE\lib358\libLuos.a(bootloader_core.o)
                0x0800f390                LuosBootloader_MsgHandler
 *fill*         0x0800f3ba        0x2 
 .text.MsgAlloc_Init
                0x0800f3bc       0xa4 .pio\build\NUCLEO-G474RE\lib358\libLuos.a(msg_alloc.o)
                0x0800f3bc                MsgAlloc_Init
 .text.MsgAlloc_ValidHeader
                0x0800f460       0x88 .pio\build\NUCLEO-G474RE\lib358\libLuos.a(msg_alloc.o)
                0x0800f460                MsgAlloc_ValidHeader
 .text.MsgAlloc_SetData
                0x0800f4e8       0x14 .pio\build\NUCLEO-G474RE\lib358\libLuos.a(msg_alloc.o)
                0x0800f4e8                MsgAlloc_SetData
 .text.MsgAlloc_Reset
                0x0800f4fc       0x24 .pio\build\NUCLEO-G474RE\lib358\libLuos.a(msg_alloc.o)
                0x0800f4fc                MsgAlloc_Reset
 .text.MsgAlloc_IsReseted
                0x0800f520       0x2c .pio\build\NUCLEO-G474RE\lib358\libLuos.a(msg_alloc.o)
                0x0800f520                MsgAlloc_IsReseted
 .text.MsgAlloc_UsedMsgEnd
                0x0800f54c        0xc .pio\build\NUCLEO-G474RE\lib358\libLuos.a(msg_alloc.o)
                0x0800f54c                MsgAlloc_UsedMsgEnd
 .text.MsgAlloc_LuosTaskAlloc
                0x0800f558      0x404 .pio\build\NUCLEO-G474RE\lib358\libLuos.a(msg_alloc.o)
                0x0800f558                MsgAlloc_LuosTaskAlloc
 .text.MsgAlloc_GetLuosTaskCmd
                0x0800f95c       0x24 .pio\build\NUCLEO-G474RE\lib358\libLuos.a(msg_alloc.o)
                0x0800f95c                MsgAlloc_GetLuosTaskCmd
 .text.MsgAlloc_GetLuosTaskSize
                0x0800f980       0x24 .pio\build\NUCLEO-G474RE\lib358\libLuos.a(msg_alloc.o)
                0x0800f980                MsgAlloc_GetLuosTaskSize
 .text.MsgAlloc_ClearMsgFromLuosTasks
                0x0800f9a4      0x2dc .pio\build\NUCLEO-G474RE\lib358\libLuos.a(msg_alloc.o)
                0x0800f9a4                MsgAlloc_ClearMsgFromLuosTasks
 .text.MsgAlloc_PullMsgFromTxTask
                0x0800fc80      0x280 .pio\build\NUCLEO-G474RE\lib358\libLuos.a(msg_alloc.o)
                0x0800fc80                MsgAlloc_PullMsgFromTxTask
 .text.MsgAlloc_ClearMsgSpace
                0x0800ff00      0x614 .pio\build\NUCLEO-G474RE\lib358\libLuos.a(msg_alloc.o)
 .text.MsgAlloc_SetTxTask
                0x08010514      0x688 .pio\build\NUCLEO-G474RE\lib358\libLuos.a(msg_alloc.o)
                0x08010514                MsgAlloc_SetTxTask
 .text.MsgAlloc_InvalidMsg
                0x08010b9c       0x84 .pio\build\NUCLEO-G474RE\lib358\libLuos.a(msg_alloc.o)
                0x08010b9c                MsgAlloc_InvalidMsg
 .text.MsgAlloc_EndMsg
                0x08010c20      0x414 .pio\build\NUCLEO-G474RE\lib358\libLuos.a(msg_alloc.o)
                0x08010c20                MsgAlloc_EndMsg
 .text.MsgAlloc_LookAtLuosTask
                0x08011034       0x94 .pio\build\NUCLEO-G474RE\lib358\libLuos.a(msg_alloc.o)
                0x08011034                MsgAlloc_LookAtLuosTask
 .text.MsgAlloc_PullMsgFromLuosTask
                0x080110c8      0x348 .pio\build\NUCLEO-G474RE\lib358\libLuos.a(msg_alloc.o)
                0x080110c8                MsgAlloc_PullMsgFromLuosTask
 .text.MsgAlloc_PullMsgToInterpret
                0x08011410      0x2f4 .pio\build\NUCLEO-G474RE\lib358\libLuos.a(msg_alloc.o)
                0x08011410                MsgAlloc_PullMsgToInterpret
 .text.MsgAlloc_loop
                0x08011704      0x13c .pio\build\NUCLEO-G474RE\lib358\libLuos.a(msg_alloc.o)
                0x08011704                MsgAlloc_loop
 .text.MsgAlloc_PullServiceFromTxTask
                0x08011840      0x2a8 .pio\build\NUCLEO-G474RE\lib358\libLuos.a(msg_alloc.o)
                0x08011840                MsgAlloc_PullServiceFromTxTask
 .text.MsgAlloc_GetTxTask
                0x08011ae8       0xc4 .pio\build\NUCLEO-G474RE\lib358\libLuos.a(msg_alloc.o)
                0x08011ae8                MsgAlloc_GetTxTask
 .text.MsgAlloc_TxAllComplete
                0x08011bac       0x14 .pio\build\NUCLEO-G474RE\lib358\libLuos.a(msg_alloc.o)
                0x08011bac                MsgAlloc_TxAllComplete
 .text.PortMng_Reset
                0x08011bc0       0x24 .pio\build\NUCLEO-G474RE\lib358\libLuos.a(port_manager.o)
 .text.PortMng_Init
                0x08011be4       0x3c .pio\build\NUCLEO-G474RE\lib358\libLuos.a(port_manager.o)
                0x08011be4                PortMng_Init
 .text.PortMng_PtpHandler
                0x08011c20       0x44 .pio\build\NUCLEO-G474RE\lib358\libLuos.a(port_manager.o)
                0x08011c20                PortMng_PtpHandler
 .text.PortMng_PokePort
                0x08011c64       0x60 .pio\build\NUCLEO-G474RE\lib358\libLuos.a(port_manager.o)
                0x08011c64                PortMng_PokePort
 .text.PortMng_PokeNextPort
                0x08011cc4       0x64 .pio\build\NUCLEO-G474RE\lib358\libLuos.a(port_manager.o)
                0x08011cc4                PortMng_PokeNextPort
 .text.Robus_Init
                0x08011d28       0x50 .pio\build\NUCLEO-G474RE\lib358\libLuos.a(robus.o)
                0x08011d28                Robus_Init
 .text.Robus_ServiceCreate
                0x08011d78       0x68 .pio\build\NUCLEO-G474RE\lib358\libLuos.a(robus.o)
                0x08011d78                Robus_ServiceCreate
 .text.Robus_SendMsg
                0x08011de0      0x120 .pio\build\NUCLEO-G474RE\lib358\libLuos.a(robus.o)
                0x08011de0                Robus_SendMsg
 .text.Robus_DetectNextNodes
                0x08011f00       0x94 .pio\build\NUCLEO-G474RE\lib358\libLuos.a(robus.o)
 .text.Robus_Loop
                0x08011f94      0x140 .pio\build\NUCLEO-G474RE\lib358\libLuos.a(robus.o)
                0x08011f94                Robus_Loop
 .text.Robus_GetNode
                0x080120d4        0x8 .pio\build\NUCLEO-G474RE\lib358\libLuos.a(robus.o)
                0x080120d4                Robus_GetNode
 .text.Transmit_GetLockStatus
                0x080120dc       0x24 .pio\build\NUCLEO-G474RE\lib358\libLuos.a(transmission.o)
 .text.Transmit_SendAck
                0x08012100       0x20 .pio\build\NUCLEO-G474RE\lib358\libLuos.a(transmission.o)
                0x08012100                Transmit_SendAck
 .text.Transmit_Process
                0x08012120      0x104 .pio\build\NUCLEO-G474RE\lib358\libLuos.a(transmission.o)
                0x08012120                Transmit_Process
 .text.Transmit_End
                0x08012224       0x64 .pio\build\NUCLEO-G474RE\lib358\libLuos.a(transmission.o)
                0x08012224                Transmit_End
 .text.Recep_Drop
                0x08012288        0x2 .pio\build\NUCLEO-G474RE\lib358\libLuos.a(reception.o)
                0x08012288                Recep_Drop
 *fill*         0x0801228a        0x2 
 .text.Recep_CatchAck
                0x0801228c       0x38 .pio\build\NUCLEO-G474RE\lib358\libLuos.a(reception.o)
                0x0801228c                Recep_CatchAck
 .text.Recep_GetData
                0x080122c4       0xc8 .pio\build\NUCLEO-G474RE\lib358\libLuos.a(reception.o)
                0x080122c4                Recep_GetData
 .text.Recep_Init
                0x0801238c       0x14 .pio\build\NUCLEO-G474RE\lib358\libLuos.a(reception.o)
                0x0801238c                Recep_Init
 .text.Recep_Reset
                0x080123a0       0x38 .pio\build\NUCLEO-G474RE\lib358\libLuos.a(reception.o)
                0x080123a0                Recep_Reset
 .text.Recep_Timeout
                0x080123d8       0x3c .pio\build\NUCLEO-G474RE\lib358\libLuos.a(reception.o)
                0x080123d8                Recep_Timeout
 .text.Recep_GetConcernedLLService
                0x08012414       0xe0 .pio\build\NUCLEO-G474RE\lib358\libLuos.a(reception.o)
                0x08012414                Recep_GetConcernedLLService
 .text.Recep_NodeConcerned
                0x080124f4      0x128 .pio\build\NUCLEO-G474RE\lib358\libLuos.a(reception.o)
                0x080124f4                Recep_NodeConcerned
 .text.Recep_GetHeader
                0x0801261c       0xd4 .pio\build\NUCLEO-G474RE\lib358\libLuos.a(reception.o)
                0x0801261c                Recep_GetHeader
 .text.Recep_GetCollision
                0x080126f0       0xe4 .pio\build\NUCLEO-G474RE\lib358\libLuos.a(reception.o)
                0x080126f0                Recep_GetCollision
 .text.Recep_InterpretMsgProtocol
                0x080127d4      0x190 .pio\build\NUCLEO-G474RE\lib358\libLuos.a(reception.o)
                0x080127d4                Recep_InterpretMsgProtocol
 .text.Trgt_MulticastTargetBank
                0x08012964       0x26 .pio\build\NUCLEO-G474RE\lib358\libLuos.a(target.o)
                0x08012964                Trgt_MulticastTargetBank
 .text.Button_MsgHandler
                0x0801298a       0x5e .pio\build\NUCLEO-G474RE\libe4e\libButton.a(button.o)
 .text.Button_Init
                0x080129e8       0x30 .pio\build\NUCLEO-G474RE\libe4e\libButton.a(button.o)
                0x080129e8                Button_Init
 .text.Button_Loop
                0x08012a18        0x2 .pio\build\NUCLEO-G474RE\libe4e\libButton.a(button.o)
                0x08012a18                Button_Loop
 *fill*         0x08012a1a        0x2 
 .text.__libc_init_array
                0x08012a1c       0x48 c:/users/nicol/.platformio/packages/toolchain-gccarmnoneeabi@1.70201.0/bin/../lib/gcc/arm-none-eabi/7.2.1/../../../../arm-none-eabi/lib/thumb/v7e-m\libc_nano.a(lib_a-init.o)
                0x08012a1c                __libc_init_array
 .text.memcpy   0x08012a64       0x16 c:/users/nicol/.platformio/packages/toolchain-gccarmnoneeabi@1.70201.0/bin/../lib/gcc/arm-none-eabi/7.2.1/../../../../arm-none-eabi/lib/thumb/v7e-m\libc_nano.a(lib_a-memcpy-stub.o)
                0x08012a64                memcpy
 .text.memset   0x08012a7a       0x10 c:/users/nicol/.platformio/packages/toolchain-gccarmnoneeabi@1.70201.0/bin/../lib/gcc/arm-none-eabi/7.2.1/../../../../arm-none-eabi/lib/thumb/v7e-m\libc_nano.a(lib_a-memset.o)
                0x08012a7a                memset
 *fill*         0x08012a8a        0x2 
 .text.Reset_Handler
                0x08012a8c       0x50 .pio\build\NUCLEO-G474RE\libFrameworkCMSISDevice.a(startup_stm32g474xx.o)
                0x08012a8c                Reset_Handler
 .text.Default_Handler
                0x08012adc        0x2 .pio\build\NUCLEO-G474RE\libFrameworkCMSISDevice.a(startup_stm32g474xx.o)
                0x08012adc                RTC_Alarm_IRQHandler
                0x08012adc                EXTI2_IRQHandler
                0x08012adc                TIM8_TRG_COM_IRQHandler
                0x08012adc                TIM8_CC_IRQHandler
                0x08012adc                HRTIM1_Master_IRQHandler
                0x08012adc                SPI4_IRQHandler
                0x08012adc                FDCAN3_IT0_IRQHandler
                0x08012adc                TIM1_CC_IRQHandler
                0x08012adc                HRTIM1_FLT_IRQHandler
                0x08012adc                HRTIM1_TIMF_IRQHandler
                0x08012adc                USB_HP_IRQHandler
                0x08012adc                CORDIC_IRQHandler
                0x08012adc                HRTIM1_TIMD_IRQHandler
                0x08012adc                DMA2_Channel8_IRQHandler
                0x08012adc                EXTI3_IRQHandler
                0x08012adc                I2C3_ER_IRQHandler
                0x08012adc                EXTI0_IRQHandler
                0x08012adc                I2C2_EV_IRQHandler
                0x08012adc                FPU_IRQHandler
                0x08012adc                FDCAN1_IT1_IRQHandler
                0x08012adc                TIM1_UP_TIM16_IRQHandler
                0x08012adc                ADC1_2_IRQHandler
                0x08012adc                HRTIM1_TIME_IRQHandler
                0x08012adc                SPI1_IRQHandler
                0x08012adc                TIM6_DAC_IRQHandler
                0x08012adc                HRTIM1_TIMC_IRQHandler
                0x08012adc                TIM8_UP_IRQHandler
                0x08012adc                DMA2_Channel2_IRQHandler
                0x08012adc                DMA1_Channel4_IRQHandler
                0x08012adc                TIM20_TRG_COM_IRQHandler
                0x08012adc                DMA1_Channel7_IRQHandler
                0x08012adc                UART5_IRQHandler
                0x08012adc                ADC3_IRQHandler
                0x08012adc                TIM4_IRQHandler
                0x08012adc                DMA2_Channel1_IRQHandler
                0x08012adc                QUADSPI_IRQHandler
                0x08012adc                I2C1_EV_IRQHandler
                0x08012adc                DMA1_Channel6_IRQHandler
                0x08012adc                UART4_IRQHandler
                0x08012adc                DMA2_Channel4_IRQHandler
                0x08012adc                TIM3_IRQHandler
                0x08012adc                RCC_IRQHandler
                0x08012adc                TIM20_UP_IRQHandler
                0x08012adc                DMA1_Channel1_IRQHandler
                0x08012adc                Default_Handler
                0x08012adc                DMA2_Channel7_IRQHandler
                0x08012adc                RTC_TAMP_LSECSS_IRQHandler
                0x08012adc                FMAC_IRQHandler
                0x08012adc                DMA1_Channel8_IRQHandler
                0x08012adc                HRTIM1_TIMA_IRQHandler
                0x08012adc                FDCAN3_IT1_IRQHandler
                0x08012adc                TIM5_IRQHandler
                0x08012adc                UCPD1_IRQHandler
                0x08012adc                I2C3_EV_IRQHandler
                0x08012adc                RTC_WKUP_IRQHandler
                0x08012adc                PVD_PVM_IRQHandler
                0x08012adc                SPI2_IRQHandler
                0x08012adc                ADC5_IRQHandler
                0x08012adc                DMA2_Channel5_IRQHandler
                0x08012adc                CRS_IRQHandler
                0x08012adc                DMA1_Channel5_IRQHandler
                0x08012adc                USB_LP_IRQHandler
                0x08012adc                EXTI4_IRQHandler
                0x08012adc                RNG_IRQHandler
                0x08012adc                HRTIM1_TIMB_IRQHandler
                0x08012adc                TIM1_TRG_COM_TIM17_IRQHandler
                0x08012adc                FDCAN2_IT1_IRQHandler
                0x08012adc                DMA1_Channel3_IRQHandler
                0x08012adc                ADC4_IRQHandler
                0x08012adc                WWDG_IRQHandler
                0x08012adc                I2C4_EV_IRQHandler
                0x08012adc                FDCAN2_IT0_IRQHandler
                0x08012adc                LPUART1_IRQHandler
                0x08012adc                DMA2_Channel6_IRQHandler
                0x08012adc                FDCAN1_IT0_IRQHandler
                0x08012adc                TIM2_IRQHandler
                0x08012adc                COMP7_IRQHandler
                0x08012adc                COMP1_2_3_IRQHandler
                0x08012adc                EXTI1_IRQHandler
                0x08012adc                USART2_IRQHandler
                0x08012adc                COMP4_5_6_IRQHandler
                0x08012adc                TIM20_BRK_IRQHandler
                0x08012adc                I2C2_ER_IRQHandler
                0x08012adc                DMA1_Channel2_IRQHandler
                0x08012adc                TIM8_BRK_IRQHandler
                0x08012adc                FLASH_IRQHandler
                0x08012adc                TIM20_CC_IRQHandler
                0x08012adc                USART1_IRQHandler
                0x08012adc                SPI3_IRQHandler
                0x08012adc                I2C1_ER_IRQHandler
                0x08012adc                FMC_IRQHandler
                0x08012adc                LPTIM1_IRQHandler
                0x08012adc                DMAMUX_OVR_IRQHandler
                0x08012adc                I2C4_ER_IRQHandler
                0x08012adc                USBWakeUp_IRQHandler
                0x08012adc                SAI1_IRQHandler
                0x08012adc                DMA2_Channel3_IRQHandler
                0x08012adc                TIM1_BRK_TIM15_IRQHandler
 .text.LuosHAL_SetIrqState
                0x08012ade        0xc .pio\build\NUCLEO-G474RE\lib0e6\libLuosHAL.a(luos_hal.o)
                0x08012ade                LuosHAL_SetIrqState
 .text.LuosHAL_GetSystick
                0x08012aea        0x8 .pio\build\NUCLEO-G474RE\lib0e6\libLuosHAL.a(luos_hal.o)
                0x08012aea                LuosHAL_GetSystick
 *fill*         0x08012af2        0x2 
 .text.LuosHAL_ComInit
                0x08012af4      0x174 .pio\build\NUCLEO-G474RE\lib0e6\libLuosHAL.a(luos_hal.o)
                0x08012af4                LuosHAL_ComInit
 .text.LuosHAL_SetTxState
                0x08012c68       0x50 .pio\build\NUCLEO-G474RE\lib0e6\libLuosHAL.a(luos_hal.o)
                0x08012c68                LuosHAL_SetTxState
 .text.LuosHAL_SetRxState
                0x08012cb8       0x28 .pio\build\NUCLEO-G474RE\lib0e6\libLuosHAL.a(luos_hal.o)
                0x08012cb8                LuosHAL_SetRxState
 .text.LuosHAL_SetRxDetecPin
                0x08012ce0        0x2 .pio\build\NUCLEO-G474RE\lib0e6\libLuosHAL.a(luos_hal.o)
                0x08012ce0                LuosHAL_SetRxDetecPin
 *fill*         0x08012ce2        0x2 
 .text.LuosHAL_ResetTimeout
                0x08012ce4       0x34 .pio\build\NUCLEO-G474RE\lib0e6\libLuosHAL.a(luos_hal.o)
                0x08012ce4                LuosHAL_ResetTimeout
 .text.USART3_IRQHandler
                0x08012d18       0xa0 .pio\build\NUCLEO-G474RE\lib0e6\libLuosHAL.a(luos_hal.o)
                0x08012d18                USART3_IRQHandler
 .text.LuosHAL_ComTransmit
                0x08012db8       0x94 .pio\build\NUCLEO-G474RE\lib0e6\libLuosHAL.a(luos_hal.o)
                0x08012db8                LuosHAL_ComTransmit
 .text.LuosHAL_GetTxLockState
                0x08012e4c       0x20 .pio\build\NUCLEO-G474RE\lib0e6\libLuosHAL.a(luos_hal.o)
                0x08012e4c                LuosHAL_GetTxLockState
 .text.TIM7_DAC_IRQHandler
                0x08012e6c       0x48 .pio\build\NUCLEO-G474RE\lib0e6\libLuosHAL.a(luos_hal.o)
                0x08012e6c                TIM7_DAC_IRQHandler
 .text.HAL_GPIO_EXTI_Callback
                0x08012eb4       0x24 .pio\build\NUCLEO-G474RE\lib0e6\libLuosHAL.a(luos_hal.o)
                0x08012eb4                HAL_GPIO_EXTI_Callback
 .text.LuosHAL_SetPTPDefaultState
                0x08012ed8       0x3c .pio\build\NUCLEO-G474RE\lib0e6\libLuosHAL.a(luos_hal.o)
                0x08012ed8                LuosHAL_SetPTPDefaultState
 .text.LuosHAL_Init
                0x08012f14      0x168 .pio\build\NUCLEO-G474RE\lib0e6\libLuosHAL.a(luos_hal.o)
                0x08012f14                LuosHAL_Init
 .text.LuosHAL_SetPTPReverseState
                0x0801307c       0x3c .pio\build\NUCLEO-G474RE\lib0e6\libLuosHAL.a(luos_hal.o)
                0x0801307c                LuosHAL_SetPTPReverseState
 .text.LuosHAL_PushPTP
                0x080130b8       0x48 .pio\build\NUCLEO-G474RE\lib0e6\libLuosHAL.a(luos_hal.o)
                0x080130b8                LuosHAL_PushPTP
 .text.LuosHAL_GetPTPState
                0x08013100       0x1c .pio\build\NUCLEO-G474RE\lib0e6\libLuosHAL.a(luos_hal.o)
                0x08013100                LuosHAL_GetPTPState
 .text.LuosHAL_ComputeCRC
                0x0801311c       0x28 .pio\build\NUCLEO-G474RE\lib0e6\libLuosHAL.a(luos_hal.o)
                0x0801311c                LuosHAL_ComputeCRC
 .text.LuosHAL_FlashWriteLuosMemoryInfo
                0x08013144       0xec .pio\build\NUCLEO-G474RE\lib0e6\libLuosHAL.a(luos_hal.o)
                0x08013144                LuosHAL_FlashWriteLuosMemoryInfo
 .text.LuosHAL_FlashReadLuosMemoryInfo
                0x08013230       0x10 .pio\build\NUCLEO-G474RE\lib0e6\libLuosHAL.a(luos_hal.o)
                0x08013230                LuosHAL_FlashReadLuosMemoryInfo
 .text.LuosHAL_SetMode
                0x08013240       0x40 .pio\build\NUCLEO-G474RE\lib0e6\libLuosHAL.a(luos_hal.o)
                0x08013240                LuosHAL_SetMode
 .text.LuosHAL_SaveNodeID
                0x08013280       0x4c .pio\build\NUCLEO-G474RE\lib0e6\libLuosHAL.a(luos_hal.o)
                0x08013280                LuosHAL_SaveNodeID
 .text.LuosHAL_Reboot
                0x080132cc       0x3c .pio\build\NUCLEO-G474RE\lib0e6\libLuosHAL.a(luos_hal.o)
                0x080132cc                LuosHAL_Reboot
 *(.glue_7)
 .glue_7        0x08013308        0x0 linker stubs
 *(.glue_7t)
 .glue_7t       0x08013308        0x0 linker stubs
 *(.eh_frame)
 .eh_frame      0x08013308        0x0 c:/users/nicol/.platformio/packages/toolchain-gccarmnoneeabi@1.70201.0/bin/../lib/gcc/arm-none-eabi/7.2.1/thumb/v7e-m/crtbegin.o
 *(.init)
 .init          0x08013308        0x4 c:/users/nicol/.platformio/packages/toolchain-gccarmnoneeabi@1.70201.0/bin/../lib/gcc/arm-none-eabi/7.2.1/thumb/v7e-m/crti.o
                0x08013308                _init
 .init          0x0801330c        0x8 c:/users/nicol/.platformio/packages/toolchain-gccarmnoneeabi@1.70201.0/bin/../lib/gcc/arm-none-eabi/7.2.1/thumb/v7e-m/crtn.o
 *(.fini)
 .fini          0x08013314        0x4 c:/users/nicol/.platformio/packages/toolchain-gccarmnoneeabi@1.70201.0/bin/../lib/gcc/arm-none-eabi/7.2.1/thumb/v7e-m/crti.o
                0x08013314                _fini
 .fini          0x08013318        0x8 c:/users/nicol/.platformio/packages/toolchain-gccarmnoneeabi@1.70201.0/bin/../lib/gcc/arm-none-eabi/7.2.1/thumb/v7e-m/crtn.o
                0x08013320                . = ALIGN (0x4)
                0x08013320                _etext = .

.vfp11_veneer   0x08013320        0x0
 .vfp11_veneer  0x08013320        0x0 linker stubs

.v4_bx          0x08013320        0x0
 .v4_bx         0x08013320        0x0 linker stubs

.iplt           0x08013320        0x0
 .iplt          0x08013320        0x0 c:/users/nicol/.platformio/packages/toolchain-gccarmnoneeabi@1.70201.0/bin/../lib/gcc/arm-none-eabi/7.2.1/thumb/v7e-m/crtbegin.o

.rodata         0x08013320       0xfc
                0x08013320                . = ALIGN (0x4)
 *(.rodata)
 *(.rodata*)
 .rodata.USART_PRESCALER_TAB
                0x08013320       0x30 .pio\build\NUCLEO-G474RE\FrameworkHALDriver\Src\stm32g4xx_ll_usart.o
 .rodata.AHBPrescTable
                0x08013350       0x10 .pio\build\NUCLEO-G474RE\src\system_stm32g4xx.o
                0x08013350                AHBPrescTable
 .rodata.APBPrescTable
                0x08013360        0x8 .pio\build\NUCLEO-G474RE\src\system_stm32g4xx.o
                0x08013360                APBPrescTable
 .rodata.Luos_CreateService.str1.4
                0x08013368       0x30 .pio\build\NUCLEO-G474RE\lib358\libLuos.a(luos.o)
 .rodata.RoutingTB_RemoveOnRoutingTable.str1.4
                0x08013398       0x39 .pio\build\NUCLEO-G474RE\lib358\libLuos.a(routing_table.o)
 *fill*         0x080133d1        0x3 
 .rodata.MsgAlloc_LuosTaskAlloc.str1.4
                0x080133d4       0x3b .pio\build\NUCLEO-G474RE\lib358\libLuos.a(msg_alloc.o)
 *fill*         0x0801340f        0x1 
 .rodata.Button_Init.str1.4
                0x08013410        0xc .pio\build\NUCLEO-G474RE\libe4e\libButton.a(button.o)
                                  0xa (size before relaxing)
                0x0801341c                . = ALIGN (0x4)

.rel.dyn        0x0801341c        0x0
 .rel.iplt      0x0801341c        0x0 c:/users/nicol/.platformio/packages/toolchain-gccarmnoneeabi@1.70201.0/bin/../lib/gcc/arm-none-eabi/7.2.1/thumb/v7e-m/crtbegin.o

.ARM.extab      0x0801341c        0x0
                0x0801341c                . = ALIGN (0x4)
 *(.ARM.extab* .gnu.linkonce.armextab.*)
                0x0801341c                . = ALIGN (0x4)

.ARM            0x0801341c        0x0
                0x0801341c                . = ALIGN (0x4)
                0x0801341c                __exidx_start = .
 *(.ARM.exidx*)
                0x0801341c                __exidx_end = .
                0x0801341c                . = ALIGN (0x4)

.preinit_array  0x0801341c        0x0
                0x0801341c                . = ALIGN (0x4)
                0x0801341c                PROVIDE (__preinit_array_start, .)
 *(.preinit_array*)
                0x0801341c                PROVIDE (__preinit_array_end, .)
                0x0801341c                . = ALIGN (0x4)

.init_array     0x0801341c        0x4
                0x0801341c                . = ALIGN (0x4)
                0x0801341c                PROVIDE (__init_array_start, .)
 *(SORT_BY_NAME(.init_array.*))
 *(.init_array*)
 .init_array    0x0801341c        0x4 c:/users/nicol/.platformio/packages/toolchain-gccarmnoneeabi@1.70201.0/bin/../lib/gcc/arm-none-eabi/7.2.1/thumb/v7e-m/crtbegin.o
                0x08013420                PROVIDE (__init_array_end, .)
                0x08013420                . = ALIGN (0x4)

.fini_array     0x08013420        0x4
                0x08013420                . = ALIGN (0x4)
                [!provide]                PROVIDE (__fini_array_start, .)
 *(SORT_BY_NAME(.fini_array.*))
 *(.fini_array*)
 .fini_array    0x08013420        0x4 c:/users/nicol/.platformio/packages/toolchain-gccarmnoneeabi@1.70201.0/bin/../lib/gcc/arm-none-eabi/7.2.1/thumb/v7e-m/crtbegin.o
                [!provide]                PROVIDE (__fini_array_end, .)
                0x08013424                . = ALIGN (0x4)
                0x08013424                _sidata = LOADADDR (.data)

.data           0x20000000       0x34 load address 0x08013424
                0x20000000                . = ALIGN (0x4)
                0x20000000                _sdata = .
 *(.data)
 *(.data*)
 .data.uwTickFreq
                0x20000000        0x4 .pio\build\NUCLEO-G474RE\FrameworkHALDriver\Src\stm32g4xx_hal.o
                0x20000000                uwTickFreq
 .data.uwTickPrio
                0x20000004        0x4 .pio\build\NUCLEO-G474RE\FrameworkHALDriver\Src\stm32g4xx_hal.o
                0x20000004                uwTickPrio
 .data.pFlash   0x20000008       0x20 .pio\build\NUCLEO-G474RE\FrameworkHALDriver\Src\stm32g4xx_hal_flash.o
                0x20000008                pFlash
 .data.SystemCoreClock
                0x20000028        0x4 .pio\build\NUCLEO-G474RE\src\system_stm32g4xx.o
                0x20000028                SystemCoreClock
 .data.luos_version
                0x2000002c        0x3 .pio\build\NUCLEO-G474RE\lib358\libLuos.a(luos.o)
                0x2000002c                luos_version
 *fill*         0x2000002f        0x1 
 .data.Timer_Prescaler
                0x20000030        0x4 .pio\build\NUCLEO-G474RE\lib0e6\libLuosHAL.a(luos_hal.o)
                0x20000030                Timer_Prescaler
                0x20000034                . = ALIGN (0x4)
                0x20000034                _edata = .

.igot.plt       0x20000034        0x0 load address 0x08013458
 .igot.plt      0x20000034        0x0 c:/users/nicol/.platformio/packages/toolchain-gccarmnoneeabi@1.70201.0/bin/../lib/gcc/arm-none-eabi/7.2.1/thumb/v7e-m/crtbegin.o
                0x20000034                . = ALIGN (0x4)

.bss            0x20000034      0x8dc load address 0x08013458
                0x20000034                _sbss = .
                0x20000034                __bss_start__ = _sbss
 *(.bss)
 .bss           0x20000034       0x1c c:/users/nicol/.platformio/packages/toolchain-gccarmnoneeabi@1.70201.0/bin/../lib/gcc/arm-none-eabi/7.2.1/thumb/v7e-m/crtbegin.o
 *(.bss*)
 .bss.data_size.14661
                0x20000050       0x14 .pio\build\NUCLEO-G474RE\lib358\libLuos.a(luos.o)
 .bss.last_loop_date.14491
                0x20000064        0x4 .pio\build\NUCLEO-G474RE\lib358\libLuos.a(luos.o)
 .bss.last_msg_size.14663
                0x20000068        0x2 .pio\build\NUCLEO-G474RE\lib358\libLuos.a(luos.o)
 .bss.service_number
                0x2000006a        0x2 .pio\build\NUCLEO-G474RE\lib358\libLuos.a(luos.o)
                0x2000006a                service_number
 .bss.total_data_size.14662
                0x2000006c       0x14 .pio\build\NUCLEO-G474RE\lib358\libLuos.a(luos.o)
 .bss.last_routing_table_entry
                0x20000080        0x2 .pio\build\NUCLEO-G474RE\lib358\libLuos.a(routing_table.o)
                0x20000080                last_routing_table_entry
 .bss.last_service
                0x20000082        0x2 .pio\build\NUCLEO-G474RE\lib358\libLuos.a(routing_table.o)
                0x20000082                last_service
 .bss.copy_task_pointer
                0x20000084        0x4 .pio\build\NUCLEO-G474RE\lib358\libLuos.a(msg_alloc.o)
                0x20000084                copy_task_pointer
 .bss.mem_stat  0x20000088        0x4 .pio\build\NUCLEO-G474RE\lib358\libLuos.a(msg_alloc.o)
                0x20000088                mem_stat
 .bss.oldest_msg
                0x2000008c        0x4 .pio\build\NUCLEO-G474RE\lib358\libLuos.a(msg_alloc.o)
                0x2000008c                oldest_msg
 .bss.reset_needed
                0x20000090        0x1 .pio\build\NUCLEO-G474RE\lib358\libLuos.a(msg_alloc.o)
                0x20000090                reset_needed
 *fill*         0x20000091        0x3 
 .bss.used_msg  0x20000094        0x4 .pio\build\NUCLEO-G474RE\lib358\libLuos.a(msg_alloc.o)
                0x20000094                used_msg
 .bss.Port_ExpectedState
                0x20000098        0x1 .pio\build\NUCLEO-G474RE\lib358\libLuos.a(port_manager.o)
                0x20000098                Port_ExpectedState
 *fill*         0x20000099        0x1 
 .bss.last_node
                0x2000009a        0x2 .pio\build\NUCLEO-G474RE\lib358\libLuos.a(robus.o)
                0x2000009a                last_node
 .bss.nbrRetry  0x2000009c        0x1 .pio\build\NUCLEO-G474RE\lib358\libLuos.a(transmission.o)
                0x2000009c                nbrRetry
 *fill*         0x2000009d        0x1 
 .bss.crc_val   0x2000009e        0x2 .pio\build\NUCLEO-G474RE\lib358\libLuos.a(reception.o)
                0x2000009e                crc_val
 .bss.data_count
                0x200000a0        0x2 .pio\build\NUCLEO-G474RE\lib358\libLuos.a(reception.o)
                0x200000a0                data_count
 .bss.data_size
                0x200000a2        0x2 .pio\build\NUCLEO-G474RE\lib358\libLuos.a(reception.o)
                0x200000a2                data_size
 .bss.GPIO_InitStruct
                0x200000a4       0x14 .pio\build\NUCLEO-G474RE\lib0e6\libLuosHAL.a(luos_hal.o)
                0x200000a4                GPIO_InitStruct
 .bss.data_size_to_transmit
                0x200000b8        0x2 .pio\build\NUCLEO-G474RE\lib0e6\libLuosHAL.a(luos_hal.o)
                0x200000b8                data_size_to_transmit
 *fill*         0x200000ba        0x2 
 .bss.tx_data   0x200000bc        0x4 .pio\build\NUCLEO-G474RE\lib0e6\libLuosHAL.a(luos_hal.o)
                0x200000bc                tx_data
 *(COMMON)
 COMMON         0x200000c0        0x4 .pio\build\NUCLEO-G474RE\FrameworkHALDriver\Src\stm32g4xx_hal.o
                0x200000c0                uwTick
 COMMON         0x200000c4      0x170 .pio\build\NUCLEO-G474RE\lib358\libLuos.a(luos.o)
                0x200000c4                general_stats
                0x200000cc                routing_table_pt
                0x200000d0                luos_stats
                0x200000d8                service_table
                0x2000020c                package_table
 COMMON         0x20000234      0x370 .pio\build\NUCLEO-G474RE\lib358\libLuos.a(routing_table.o)
                0x20000234                routing_table
 COMMON         0x200005a4      0x2c4 .pio\build\NUCLEO-G474RE\lib358\libLuos.a(msg_alloc.o)
                0x200005a4                msg_tasks
                0x200005cc                msg_buffer
                0x20000761                mem_clear_needed
                0x20000764                data_ptr
                0x20000768                data_end_estimation
                0x2000076c                luos_tasks
                0x200007bc                msg_tasks_stack_id
                0x200007be                luos_tasks_stack_id
                0x200007c0                tx_tasks_stack_id
                0x200007c4                tx_tasks
                0x20000864                current_msg
 COMMON         0x20000868       0x6c .pio\build\NUCLEO-G474RE\lib358\libLuos.a(robus.o)
                0x20000868                ctx
                0x200008d0                baudrate
 COMMON         0x200008d4       0x3c .pio\build\NUCLEO-G474RE\lib0e6\libLuosHAL.a(luos_hal.o)
                0x200008d4                hcrc
                0x200008f8                PTP
                0x20000910                . = ALIGN (0x4)
                0x20000910                _ebss = .
                0x20000910                __bss_end__ = _ebss

._user_heap_stack
                0x20000910      0x600 load address 0x08013458
                0x20000910                . = ALIGN (0x8)
                0x20000910                PROVIDE (end, .)
                [!provide]                PROVIDE (_end, .)
                0x20000b10                . = (. + _Min_Heap_Size)
 *fill*         0x20000910      0x200 
                0x20000f10                . = (. + _Min_Stack_Size)
 *fill*         0x20000b10      0x400 
                0x20000f10                . = ALIGN (0x8)

/DISCARD/
 libc.a(*)
 libm.a(*)
 libgcc.a(*)

.ARM.attributes
                0x00000000       0x2a
 *(.ARM.attributes)
 .ARM.attributes
                0x00000000       0x1e c:/users/nicol/.platformio/packages/toolchain-gccarmnoneeabi@1.70201.0/bin/../lib/gcc/arm-none-eabi/7.2.1/thumb/v7e-m/crti.o
 .ARM.attributes
                0x0000001e       0x2e c:/users/nicol/.platformio/packages/toolchain-gccarmnoneeabi@1.70201.0/bin/../lib/gcc/arm-none-eabi/7.2.1/thumb/v7e-m/crtbegin.o
 .ARM.attributes
                0x0000004c       0x33 .pio\build\NUCLEO-G474RE\FrameworkHALDriver\Src\stm32g4xx_hal.o
 .ARM.attributes
                0x0000007f       0x33 .pio\build\NUCLEO-G474RE\FrameworkHALDriver\Src\stm32g4xx_hal_cortex.o
 .ARM.attributes
                0x000000b2       0x33 .pio\build\NUCLEO-G474RE\FrameworkHALDriver\Src\stm32g4xx_hal_crc.o
 .ARM.attributes
                0x000000e5       0x33 .pio\build\NUCLEO-G474RE\FrameworkHALDriver\Src\stm32g4xx_hal_crc_ex.o
 .ARM.attributes
                0x00000118       0x33 .pio\build\NUCLEO-G474RE\FrameworkHALDriver\Src\stm32g4xx_hal_flash.o
 .ARM.attributes
                0x0000014b       0x33 .pio\build\NUCLEO-G474RE\FrameworkHALDriver\Src\stm32g4xx_hal_flash_ex.o
 .ARM.attributes
                0x0000017e       0x33 .pio\build\NUCLEO-G474RE\FrameworkHALDriver\Src\stm32g4xx_hal_gpio.o
 .ARM.attributes
                0x000001b1       0x33 .pio\build\NUCLEO-G474RE\FrameworkHALDriver\Src\stm32g4xx_hal_pwr_ex.o
 .ARM.attributes
                0x000001e4       0x33 .pio\build\NUCLEO-G474RE\FrameworkHALDriver\Src\stm32g4xx_hal_rcc.o
 .ARM.attributes
                0x00000217       0x33 .pio\build\NUCLEO-G474RE\FrameworkHALDriver\Src\stm32g4xx_ll_rcc.o
 .ARM.attributes
                0x0000024a       0x33 .pio\build\NUCLEO-G474RE\FrameworkHALDriver\Src\stm32g4xx_ll_tim.o
 .ARM.attributes
                0x0000027d       0x33 .pio\build\NUCLEO-G474RE\FrameworkHALDriver\Src\stm32g4xx_ll_usart.o
 .ARM.attributes
                0x000002b0       0x33 .pio\build\NUCLEO-G474RE\src\gpio.o
 .ARM.attributes
                0x000002e3       0x33 .pio\build\NUCLEO-G474RE\src\main.o
 .ARM.attributes
                0x00000316       0x33 .pio\build\NUCLEO-G474RE\src\stm32g4xx_hal_msp.o
 .ARM.attributes
                0x00000349       0x33 .pio\build\NUCLEO-G474RE\src\stm32g4xx_it.o
 .ARM.attributes
                0x0000037c       0x33 .pio\build\NUCLEO-G474RE\src\system_stm32g4xx.o
 .ARM.attributes
                0x000003af       0x33 .pio\build\NUCLEO-G474RE\lib358\libLuos.a(luos.o)
 .ARM.attributes
                0x000003e2       0x33 .pio\build\NUCLEO-G474RE\lib358\libLuos.a(luos_utils.o)
 .ARM.attributes
                0x00000415       0x33 .pio\build\NUCLEO-G474RE\lib358\libLuos.a(routing_table.o)
 .ARM.attributes
                0x00000448       0x33 .pio\build\NUCLEO-G474RE\lib358\libLuos.a(bootloader_core.o)
 .ARM.attributes
                0x0000047b       0x33 .pio\build\NUCLEO-G474RE\lib358\libLuos.a(msg_alloc.o)
 .ARM.attributes
                0x000004ae       0x33 .pio\build\NUCLEO-G474RE\lib358\libLuos.a(port_manager.o)
 .ARM.attributes
                0x000004e1       0x33 .pio\build\NUCLEO-G474RE\lib358\libLuos.a(robus.o)
 .ARM.attributes
                0x00000514       0x33 .pio\build\NUCLEO-G474RE\lib358\libLuos.a(transmission.o)
 .ARM.attributes
                0x00000547       0x33 .pio\build\NUCLEO-G474RE\lib358\libLuos.a(reception.o)
 .ARM.attributes
                0x0000057a       0x33 .pio\build\NUCLEO-G474RE\lib358\libLuos.a(target.o)
 .ARM.attributes
                0x000005ad       0x33 .pio\build\NUCLEO-G474RE\libe4e\libButton.a(button.o)
 .ARM.attributes
                0x000005e0       0x2e c:/users/nicol/.platformio/packages/toolchain-gccarmnoneeabi@1.70201.0/bin/../lib/gcc/arm-none-eabi/7.2.1/../../../../arm-none-eabi/lib/thumb/v7e-m\libc_nano.a(lib_a-init.o)
 .ARM.attributes
                0x0000060e       0x2e c:/users/nicol/.platformio/packages/toolchain-gccarmnoneeabi@1.70201.0/bin/../lib/gcc/arm-none-eabi/7.2.1/../../../../arm-none-eabi/lib/thumb/v7e-m\libc_nano.a(lib_a-memcpy-stub.o)
 .ARM.attributes
                0x0000063c       0x2e c:/users/nicol/.platformio/packages/toolchain-gccarmnoneeabi@1.70201.0/bin/../lib/gcc/arm-none-eabi/7.2.1/../../../../arm-none-eabi/lib/thumb/v7e-m\libc_nano.a(lib_a-memset.o)
 .ARM.attributes
                0x0000066a       0x17 c:/users/nicol/.platformio/packages/toolchain-gccarmnoneeabi@1.70201.0/bin/../lib/gcc/arm-none-eabi/7.2.1/../../../../arm-none-eabi/lib/thumb/v7e-m\libc_nano.a(lib_a-strlen.o)
 .ARM.attributes
                0x00000681       0x1e c:/users/nicol/.platformio/packages/toolchain-gccarmnoneeabi@1.70201.0/bin/../lib/gcc/arm-none-eabi/7.2.1/thumb/v7e-m\libgcc.a(_arm_muldivsf3.o)
 .ARM.attributes
                0x0000069f       0x1e c:/users/nicol/.platformio/packages/toolchain-gccarmnoneeabi@1.70201.0/bin/../lib/gcc/arm-none-eabi/7.2.1/thumb/v7e-m\libgcc.a(_arm_fixunssfsi.o)
 .ARM.attributes
                0x000006bd       0x21 .pio\build\NUCLEO-G474RE\libFrameworkCMSISDevice.a(startup_stm32g474xx.o)
 .ARM.attributes
                0x000006de       0x33 .pio\build\NUCLEO-G474RE\lib0e6\libLuosHAL.a(luos_hal.o)
 .ARM.attributes
                0x00000711       0x1e c:/users/nicol/.platformio/packages/toolchain-gccarmnoneeabi@1.70201.0/bin/../lib/gcc/arm-none-eabi/7.2.1/thumb/v7e-m/crtn.o
OUTPUT(.pio\build\NUCLEO-G474RE\firmware.elf elf32-littlearm)

.comment        0x00000000       0x7e
 .comment       0x00000000       0x7e .pio\build\NUCLEO-G474RE\FrameworkHALDriver\Src\stm32g4xx_hal.o
                                 0x7f (size before relaxing)
 .comment       0x0000007e       0x7f .pio\build\NUCLEO-G474RE\FrameworkHALDriver\Src\stm32g4xx_hal_cortex.o
 .comment       0x0000007e       0x7f .pio\build\NUCLEO-G474RE\FrameworkHALDriver\Src\stm32g4xx_hal_crc.o
 .comment       0x0000007e       0x7f .pio\build\NUCLEO-G474RE\FrameworkHALDriver\Src\stm32g4xx_hal_crc_ex.o
 .comment       0x0000007e       0x7f .pio\build\NUCLEO-G474RE\FrameworkHALDriver\Src\stm32g4xx_hal_flash.o
 .comment       0x0000007e       0x7f .pio\build\NUCLEO-G474RE\FrameworkHALDriver\Src\stm32g4xx_hal_flash_ex.o
 .comment       0x0000007e       0x7f .pio\build\NUCLEO-G474RE\FrameworkHALDriver\Src\stm32g4xx_hal_gpio.o
 .comment       0x0000007e       0x7f .pio\build\NUCLEO-G474RE\FrameworkHALDriver\Src\stm32g4xx_hal_pwr_ex.o
 .comment       0x0000007e       0x7f .pio\build\NUCLEO-G474RE\FrameworkHALDriver\Src\stm32g4xx_hal_rcc.o
 .comment       0x0000007e       0x7f .pio\build\NUCLEO-G474RE\FrameworkHALDriver\Src\stm32g4xx_ll_rcc.o
 .comment       0x0000007e       0x7f .pio\build\NUCLEO-G474RE\FrameworkHALDriver\Src\stm32g4xx_ll_tim.o
 .comment       0x0000007e       0x7f .pio\build\NUCLEO-G474RE\FrameworkHALDriver\Src\stm32g4xx_ll_usart.o
 .comment       0x0000007e       0x7f .pio\build\NUCLEO-G474RE\src\gpio.o
 .comment       0x0000007e       0x7f .pio\build\NUCLEO-G474RE\src\main.o
 .comment       0x0000007e       0x7f .pio\build\NUCLEO-G474RE\src\stm32g4xx_hal_msp.o
 .comment       0x0000007e       0x7f .pio\build\NUCLEO-G474RE\src\stm32g4xx_it.o
 .comment       0x0000007e       0x7f .pio\build\NUCLEO-G474RE\src\system_stm32g4xx.o
 .comment       0x0000007e       0x7f .pio\build\NUCLEO-G474RE\lib358\libLuos.a(luos.o)
 .comment       0x0000007e       0x7f .pio\build\NUCLEO-G474RE\lib358\libLuos.a(luos_utils.o)
 .comment       0x0000007e       0x7f .pio\build\NUCLEO-G474RE\lib358\libLuos.a(routing_table.o)
 .comment       0x0000007e       0x7f .pio\build\NUCLEO-G474RE\lib358\libLuos.a(bootloader_core.o)
 .comment       0x0000007e       0x7f .pio\build\NUCLEO-G474RE\lib358\libLuos.a(msg_alloc.o)
 .comment       0x0000007e       0x7f .pio\build\NUCLEO-G474RE\lib358\libLuos.a(port_manager.o)
 .comment       0x0000007e       0x7f .pio\build\NUCLEO-G474RE\lib358\libLuos.a(robus.o)
 .comment       0x0000007e       0x7f .pio\build\NUCLEO-G474RE\lib358\libLuos.a(transmission.o)
 .comment       0x0000007e       0x7f .pio\build\NUCLEO-G474RE\lib358\libLuos.a(reception.o)
 .comment       0x0000007e       0x7f .pio\build\NUCLEO-G474RE\lib358\libLuos.a(target.o)
 .comment       0x0000007e       0x7f .pio\build\NUCLEO-G474RE\libe4e\libButton.a(button.o)
 .comment       0x0000007e       0x7f .pio\build\NUCLEO-G474RE\lib0e6\libLuosHAL.a(luos_hal.o)

.debug_frame    0x00000000       0xd0
 .debug_frame   0x00000000       0x2c c:/users/nicol/.platformio/packages/toolchain-gccarmnoneeabi@1.70201.0/bin/../lib/gcc/arm-none-eabi/7.2.1/../../../../arm-none-eabi/lib/thumb/v7e-m\libc_nano.a(lib_a-init.o)
 .debug_frame   0x0000002c       0x28 c:/users/nicol/.platformio/packages/toolchain-gccarmnoneeabi@1.70201.0/bin/../lib/gcc/arm-none-eabi/7.2.1/../../../../arm-none-eabi/lib/thumb/v7e-m\libc_nano.a(lib_a-memcpy-stub.o)
 .debug_frame   0x00000054       0x20 c:/users/nicol/.platformio/packages/toolchain-gccarmnoneeabi@1.70201.0/bin/../lib/gcc/arm-none-eabi/7.2.1/../../../../arm-none-eabi/lib/thumb/v7e-m\libc_nano.a(lib_a-memset.o)
 .debug_frame   0x00000074       0x38 c:/users/nicol/.platformio/packages/toolchain-gccarmnoneeabi@1.70201.0/bin/../lib/gcc/arm-none-eabi/7.2.1/thumb/v7e-m\libgcc.a(_arm_muldivsf3.o)
 .debug_frame   0x000000ac       0x24 c:/users/nicol/.platformio/packages/toolchain-gccarmnoneeabi@1.70201.0/bin/../lib/gcc/arm-none-eabi/7.2.1/thumb/v7e-m\libgcc.a(_arm_fixunssfsi.o)
