Archive member included to satisfy reference by file (symbol)

.pio\build\NUCLEO-G431KB\lib358\libLuos.a(luos.o)
                              .pio\build\NUCLEO-G431KB\src\main.o (Luos_Init)
.pio\build\NUCLEO-G431KB\lib358\libLuos.a(luos_utils.o)
                              .pio\build\NUCLEO-G431KB\lib358\libLuos.a(luos.o) (Luos_assert)
.pio\build\NUCLEO-G431KB\lib358\libLuos.a(routing_table.o)
                              .pio\build\NUCLEO-G431KB\lib358\libLuos.a(luos.o) (RoutingTB_ComputeRoutingTableEntryNB)
.pio\build\NUCLEO-G431KB\lib358\libLuos.a(streaming.o)
                              .pio\build\NUCLEO-G431KB\lib358\libLuos.a(luos.o) (Stream_GetAvailableSampleNB)
.pio\build\NUCLEO-G431KB\lib358\libLuos.a(msg_alloc.o)
                              .pio\build\NUCLEO-G431KB\lib358\libLuos.a(luos_utils.o) (MsgAlloc_Init)
.pio\build\NUCLEO-G431KB\lib358\libLuos.a(port_manager.o)
                              .pio\build\NUCLEO-G431KB\lib358\libLuos.a(luos_utils.o) (PortMng_Init)
.pio\build\NUCLEO-G431KB\lib358\libLuos.a(robus.o)
                              .pio\build\NUCLEO-G431KB\lib358\libLuos.a(luos.o) (Robus_Init)
.pio\build\NUCLEO-G431KB\lib358\libLuos.a(transmission.o)
                              .pio\build\NUCLEO-G431KB\lib358\libLuos.a(robus.o) (Transmit_Process)
.pio\build\NUCLEO-G431KB\lib358\libLuos.a(bootloader.o)
                              .pio\build\NUCLEO-G431KB\lib358\libLuos.a(luos.o) (LuosBootloader_MsgHandler)
.pio\build\NUCLEO-G431KB\lib358\libLuos.a(reception.o)
                              .pio\build\NUCLEO-G431KB\lib358\libLuos.a(robus.o) (Recep_Init)
.pio\build\NUCLEO-G431KB\lib358\libLuos.a(target.o)
                              .pio\build\NUCLEO-G431KB\lib358\libLuos.a(reception.o) (Trgt_MulticastTargetBank)
.pio\build\NUCLEO-G431KB\libe5c\libButton.a(button.o)
                              .pio\build\NUCLEO-G431KB\src\main.o (Button_Init)
c:/users/nicol/.platformio/packages/toolchain-gccarmnoneeabi/bin/../lib/gcc/arm-none-eabi/7.2.1/../../../../arm-none-eabi/lib/thumb/v7e-m\libc_nano.a(lib_a-exit.o)
                              c:/users/nicol/.platformio/packages/toolchain-gccarmnoneeabi/bin/../lib/gcc/arm-none-eabi/7.2.1/../../../../arm-none-eabi/lib/thumb/v7e-m/crt0.o (exit)
c:/users/nicol/.platformio/packages/toolchain-gccarmnoneeabi/bin/../lib/gcc/arm-none-eabi/7.2.1/../../../../arm-none-eabi/lib/thumb/v7e-m\libc_nano.a(lib_a-impure.o)
                              c:/users/nicol/.platformio/packages/toolchain-gccarmnoneeabi/bin/../lib/gcc/arm-none-eabi/7.2.1/../../../../arm-none-eabi/lib/thumb/v7e-m\libc_nano.a(lib_a-exit.o) (_global_impure_ptr)
c:/users/nicol/.platformio/packages/toolchain-gccarmnoneeabi/bin/../lib/gcc/arm-none-eabi/7.2.1/../../../../arm-none-eabi/lib/thumb/v7e-m\libc_nano.a(lib_a-init.o)
                              c:/users/nicol/.platformio/packages/toolchain-gccarmnoneeabi/bin/../lib/gcc/arm-none-eabi/7.2.1/../../../../arm-none-eabi/lib/thumb/v7e-m/crt0.o (__libc_init_array)
c:/users/nicol/.platformio/packages/toolchain-gccarmnoneeabi/bin/../lib/gcc/arm-none-eabi/7.2.1/../../../../arm-none-eabi/lib/thumb/v7e-m\libc_nano.a(lib_a-memcpy-stub.o)
                              .pio\build\NUCLEO-G431KB\lib358\libLuos.a(luos.o) (memcpy)
c:/users/nicol/.platformio/packages/toolchain-gccarmnoneeabi/bin/../lib/gcc/arm-none-eabi/7.2.1/../../../../arm-none-eabi/lib/thumb/v7e-m\libc_nano.a(lib_a-memset.o)
                              c:/users/nicol/.platformio/packages/toolchain-gccarmnoneeabi/bin/../lib/gcc/arm-none-eabi/7.2.1/../../../../arm-none-eabi/lib/thumb/v7e-m/crt0.o (memset)
c:/users/nicol/.platformio/packages/toolchain-gccarmnoneeabi/bin/../lib/gcc/arm-none-eabi/7.2.1/../../../../arm-none-eabi/lib/thumb/v7e-m\libc_nano.a(lib_a-strcmp.o)
                              .pio\build\NUCLEO-G431KB\lib358\libLuos.a(routing_table.o) (strcmp)
c:/users/nicol/.platformio/packages/toolchain-gccarmnoneeabi/bin/../lib/gcc/arm-none-eabi/7.2.1/../../../../arm-none-eabi/lib/thumb/v7e-m\libc_nano.a(lib_a-strlen.o)
                              .pio\build\NUCLEO-G431KB\lib358\libLuos.a(luos_utils.o) (strlen)
c:/users/nicol/.platformio/packages/toolchain-gccarmnoneeabi/bin/../lib/gcc/arm-none-eabi/7.2.1/thumb/v7e-m\libgcc.a(_arm_muldivsf3.o)
                              .pio\build\NUCLEO-G431KB\lib358\libLuos.a(luos.o) (__aeabi_fmul)
c:/users/nicol/.platformio/packages/toolchain-gccarmnoneeabi/bin/../lib/gcc/arm-none-eabi/7.2.1/thumb/v7e-m\libgcc.a(_arm_fixunssfsi.o)
                              .pio\build\NUCLEO-G431KB\lib358\libLuos.a(luos.o) (__aeabi_f2uiz)
c:/users/nicol/.platformio/packages/toolchain-gccarmnoneeabi/bin/../lib/gcc/arm-none-eabi/7.2.1/thumb/v7e-m\libgcc.a(_aeabi_ldivmod.o)
                              .pio\build\NUCLEO-G431KB\FrameworkHALDriver\Src\stm32g4xx_hal_uart.o (__aeabi_ldivmod)
c:/users/nicol/.platformio/packages/toolchain-gccarmnoneeabi/bin/../lib/gcc/arm-none-eabi/7.2.1/thumb/v7e-m\libgcc.a(_aeabi_uldivmod.o)
[...]
Memory Configuration

Name             Origin             Length             Attributes
RAM              0x20000000         0x00008000         xrw
FLASH            0x0800c800         0x00013800         xr
*default*        0x00000000         0xffffffff

Linker script and memory map

LOAD c:/users/nicol/.platformio/packages/toolchain-gccarmnoneeabi/bin/../lib/gcc/arm-none-eabi/7.2.1/thumb/v7e-m/crti.o
LOAD c:/users/nicol/.platformio/packages/toolchain-gccarmnoneeabi/bin/../lib/gcc/arm-none-eabi/7.2.1/thumb/v7e-m/crtbegin.o
LOAD c:/users/nicol/.platformio/packages/toolchain-gccarmnoneeabi/bin/../lib/gcc/arm-none-eabi/7.2.1/../../../../arm-none-eabi/lib/thumb/v7e-m/crt0.o
LOAD .pio\build\NUCLEO-G431KB\FrameworkHALDriver\Src\stm32g4xx_hal.o
LOAD .pio\build\NUCLEO-G431KB\FrameworkHALDriver\Src\stm32g4xx_hal_adc.o
LOAD .pio\build\NUCLEO-G431KB\FrameworkHALDriver\Src\stm32g4xx_hal_adc_ex.o
LOAD .pio\build\NUCLEO-G431KB\FrameworkHALDriver\Src\stm32g4xx_hal_comp.o
LOAD .pio\build\NUCLEO-G431KB\FrameworkHALDriver\Src\stm32g4xx_hal_cordic.o
LOAD .pio\build\NUCLEO-G431KB\FrameworkHALDriver\Src\stm32g4xx_hal_cortex.o
LOAD .pio\build\NUCLEO-G431KB\FrameworkHALDriver\Src\stm32g4xx_hal_crc.o
LOAD .pio\build\NUCLEO-G431KB\FrameworkHALDriver\Src\stm32g4xx_hal_crc_ex.o
LOAD .pio\build\NUCLEO-G431KB\FrameworkHALDriver\Src\stm32g4xx_hal_cryp.o
LOAD .pio\build\NUCLEO-G431KB\FrameworkHALDriver\Src\stm32g4xx_hal_cryp_ex.o
LOAD .pio\build\NUCLEO-G431KB\FrameworkHALDriver\Src\stm32g4xx_hal_dac.o
LOAD .pio\build\NUCLEO-G431KB\FrameworkHALDriver\Src\stm32g4xx_hal_dac_ex.o
LOAD .pio\build\NUCLEO-G431KB\FrameworkHALDriver\Src\stm32g4xx_hal_dma.o
LOAD .pio\build\NUCLEO-G431KB\FrameworkHALDriver\Src\stm32g4xx_hal_dma_ex.o
LOAD .pio\build\NUCLEO-G431KB\FrameworkHALDriver\Src\stm32g4xx_hal_exti.o
LOAD .pio\build\NUCLEO-G431KB\FrameworkHALDriver\Src\stm32g4xx_hal_fdcan.o
LOAD .pio\build\NUCLEO-G431KB\FrameworkHALDriver\Src\stm32g4xx_hal_flash.o
LOAD .pio\build\NUCLEO-G431KB\FrameworkHALDriver\Src\stm32g4xx_hal_flash_ex.o
LOAD .pio\build\NUCLEO-G431KB\FrameworkHALDriver\Src\stm32g4xx_hal_flash_ramfunc.o
LOAD .pio\build\NUCLEO-G431KB\FrameworkHALDriver\Src\stm32g4xx_hal_fmac.o
LOAD .pio\build\NUCLEO-G431KB\FrameworkHALDriver\Src\stm32g4xx_hal_gpio.o
LOAD .pio\build\NUCLEO-G431KB\FrameworkHALDriver\Src\stm32g4xx_hal_hrtim.o
LOAD .pio\build\NUCLEO-G431KB\FrameworkHALDriver\Src\stm32g4xx_hal_i2c.o
LOAD .pio\build\NUCLEO-G431KB\FrameworkHALDriver\Src\stm32g4xx_hal_i2c_ex.o
LOAD .pio\build\NUCLEO-G431KB\FrameworkHALDriver\Src\stm32g4xx_hal_i2s.o
LOAD .pio\build\NUCLEO-G431KB\FrameworkHALDriver\Src\stm32g4xx_hal_irda.o
LOAD .pio\build\NUCLEO-G431KB\FrameworkHALDriver\Src\stm32g4xx_hal_iwdg.o
LOAD .pio\build\NUCLEO-G431KB\FrameworkHALDriver\Src\stm32g4xx_hal_lptim.o
LOAD .pio\build\NUCLEO-G431KB\FrameworkHALDriver\Src\stm32g4xx_hal_nand.o
LOAD .pio\build\NUCLEO-G431KB\FrameworkHALDriver\Src\stm32g4xx_hal_nor.o
LOAD .pio\build\NUCLEO-G431KB\FrameworkHALDriver\Src\stm32g4xx_hal_opamp.o
LOAD .pio\build\NUCLEO-G431KB\FrameworkHALDriver\Src\stm32g4xx_hal_opamp_ex.o
LOAD .pio\build\NUCLEO-G431KB\FrameworkHALDriver\Src\stm32g4xx_hal_pcd.o
LOAD .pio\build\NUCLEO-G431KB\FrameworkHALDriver\Src\stm32g4xx_hal_pcd_ex.o
LOAD .pio\build\NUCLEO-G431KB\FrameworkHALDriver\Src\stm32g4xx_hal_pwr.o
LOAD .pio\build\NUCLEO-G431KB\FrameworkHALDriver\Src\stm32g4xx_hal_pwr_ex.o
LOAD .pio\build\NUCLEO-G431KB\FrameworkHALDriver\Src\stm32g4xx_hal_qspi.o
LOAD .pio\build\NUCLEO-G431KB\FrameworkHALDriver\Src\stm32g4xx_hal_rcc.o
LOAD .pio\build\NUCLEO-G431KB\FrameworkHALDriver\Src\stm32g4xx_hal_rcc_ex.o
LOAD .pio\build\NUCLEO-G431KB\FrameworkHALDriver\Src\stm32g4xx_hal_rng.o
LOAD .pio\build\NUCLEO-G431KB\FrameworkHALDriver\Src\stm32g4xx_hal_rtc.o
LOAD .pio\build\NUCLEO-G431KB\FrameworkHALDriver\Src\stm32g4xx_hal_rtc_ex.o
LOAD .pio\build\NUCLEO-G431KB\FrameworkHALDriver\Src\stm32g4xx_hal_sai.o
LOAD .pio\build\NUCLEO-G431KB\FrameworkHALDriver\Src\stm32g4xx_hal_sai_ex.o
LOAD .pio\build\NUCLEO-G431KB\FrameworkHALDriver\Src\stm32g4xx_hal_smartcard.o
LOAD .pio\build\NUCLEO-G431KB\FrameworkHALDriver\Src\stm32g4xx_hal_smartcard_ex.o
LOAD .pio\build\NUCLEO-G431KB\FrameworkHALDriver\Src\stm32g4xx_hal_smbus.o
LOAD .pio\build\NUCLEO-G431KB\FrameworkHALDriver\Src\stm32g4xx_hal_spi.o
LOAD .pio\build\NUCLEO-G431KB\FrameworkHALDriver\Src\stm32g4xx_hal_spi_ex.o
LOAD .pio\build\NUCLEO-G431KB\FrameworkHALDriver\Src\stm32g4xx_hal_sram.o
LOAD .pio\build\NUCLEO-G431KB\FrameworkHALDriver\Src\stm32g4xx_hal_tim.o
LOAD .pio\build\NUCLEO-G431KB\FrameworkHALDriver\Src\stm32g4xx_hal_tim_ex.o
LOAD .pio\build\NUCLEO-G431KB\FrameworkHALDriver\Src\stm32g4xx_hal_uart.o
LOAD .pio\build\NUCLEO-G431KB\FrameworkHALDriver\Src\stm32g4xx_hal_uart_ex.o
LOAD .pio\build\NUCLEO-G431KB\FrameworkHALDriver\Src\stm32g4xx_hal_usart.o
LOAD .pio\build\NUCLEO-G431KB\FrameworkHALDriver\Src\stm32g4xx_hal_usart_ex.o
LOAD .pio\build\NUCLEO-G431KB\FrameworkHALDriver\Src\stm32g4xx_hal_wwdg.o
LOAD .pio\build\NUCLEO-G431KB\FrameworkHALDriver\Src\stm32g4xx_ll_adc.o
LOAD .pio\build\NUCLEO-G431KB\FrameworkHALDriver\Src\stm32g4xx_ll_comp.o
LOAD .pio\build\NUCLEO-G431KB\FrameworkHALDriver\Src\stm32g4xx_ll_cordic.o
LOAD .pio\build\NUCLEO-G431KB\FrameworkHALDriver\Src\stm32g4xx_ll_crc.o
LOAD .pio\build\NUCLEO-G431KB\FrameworkHALDriver\Src\stm32g4xx_ll_crs.o
LOAD .pio\build\NUCLEO-G431KB\FrameworkHALDriver\Src\stm32g4xx_ll_dac.o
LOAD .pio\build\NUCLEO-G431KB\FrameworkHALDriver\Src\stm32g4xx_ll_dma.o
LOAD .pio\build\NUCLEO-G431KB\FrameworkHALDriver\Src\stm32g4xx_ll_exti.o
LOAD .pio\build\NUCLEO-G431KB\FrameworkHALDriver\Src\stm32g4xx_ll_fmac.o
LOAD .pio\build\NUCLEO-G431KB\FrameworkHALDriver\Src\stm32g4xx_ll_fmc.o
LOAD .pio\build\NUCLEO-G431KB\FrameworkHALDriver\Src\stm32g4xx_ll_gpio.o
LOAD .pio\build\NUCLEO-G431KB\FrameworkHALDriver\Src\stm32g4xx_ll_hrtim.o
LOAD .pio\build\NUCLEO-G431KB\FrameworkHALDriver\Src\stm32g4xx_ll_i2c.o
LOAD .pio\build\NUCLEO-G431KB\FrameworkHALDriver\Src\stm32g4xx_ll_lptim.o
LOAD .pio\build\NUCLEO-G431KB\FrameworkHALDriver\Src\stm32g4xx_ll_lpuart.o
LOAD .pio\build\NUCLEO-G431KB\FrameworkHALDriver\Src\stm32g4xx_ll_opamp.o
LOAD .pio\build\NUCLEO-G431KB\FrameworkHALDriver\Src\stm32g4xx_ll_pwr.o
LOAD .pio\build\NUCLEO-G431KB\FrameworkHALDriver\Src\stm32g4xx_ll_rcc.o
LOAD .pio\build\NUCLEO-G431KB\FrameworkHALDriver\Src\stm32g4xx_ll_rng.o
LOAD .pio\build\NUCLEO-G431KB\FrameworkHALDriver\Src\stm32g4xx_ll_rtc.o
LOAD .pio\build\NUCLEO-G431KB\FrameworkHALDriver\Src\stm32g4xx_ll_spi.o
LOAD .pio\build\NUCLEO-G431KB\FrameworkHALDriver\Src\stm32g4xx_ll_tim.o
LOAD .pio\build\NUCLEO-G431KB\FrameworkHALDriver\Src\stm32g4xx_ll_ucpd.o
LOAD .pio\build\NUCLEO-G431KB\FrameworkHALDriver\Src\stm32g4xx_ll_usart.o
LOAD .pio\build\NUCLEO-G431KB\FrameworkHALDriver\Src\stm32g4xx_ll_usb.o
LOAD .pio\build\NUCLEO-G431KB\FrameworkHALDriver\Src\stm32g4xx_ll_utils.o
LOAD .pio\build\NUCLEO-G431KB\src\gpio.o
LOAD .pio\build\NUCLEO-G431KB\src\main.o
LOAD .pio\build\NUCLEO-G431KB\src\stm32g4xx_hal_msp.o
LOAD .pio\build\NUCLEO-G431KB\src\stm32g4xx_it.o
LOAD .pio\build\NUCLEO-G431KB\src\system_stm32g4xx.o
START GROUP
LOAD .pio\build\NUCLEO-G431KB\lib0e6\libLuosHAL.a
LOAD .pio\build\NUCLEO-G431KB\lib358\libLuos.a
LOAD .pio\build\NUCLEO-G431KB\libe5c\libButton.a
LOAD c:/users/nicol/.platformio/packages/toolchain-gccarmnoneeabi/bin/../lib/gcc/arm-none-eabi/7.2.1/../../../../arm-none-eabi/lib/thumb/v7e-m\libc_nano.a
LOAD c:/users/nicol/.platformio/packages/toolchain-gccarmnoneeabi/bin/../lib/gcc/arm-none-eabi/7.2.1/thumb/v7e-m\libgcc.a
LOAD c:/users/nicol/.platformio/packages/toolchain-gccarmnoneeabi/bin/../lib/gcc/arm-none-eabi/7.2.1/../../../../arm-none-eabi/lib/thumb/v7e-m\libm.a
LOAD c:/users/nicol/.platformio/packages/toolchain-gccarmnoneeabi/bin/../lib/gcc/arm-none-eabi/7.2.1/../../../../arm-none-eabi/lib/thumb/v7e-m\libstdc++_nano.a
LOAD c:/users/nicol/.platformio/packages/toolchain-gccarmnoneeabi/bin/../lib/gcc/arm-none-eabi/7.2.1/../../../../arm-none-eabi/lib/thumb/v7e-m\libnosys.a
LOAD .pio\build\NUCLEO-G431KB\libFrameworkCMSISDevice.a
END GROUP
START GROUP
LOAD c:/users/nicol/.platformio/packages/toolchain-gccarmnoneeabi/bin/../lib/gcc/arm-none-eabi/7.2.1/thumb/v7e-m\libgcc.a
LOAD c:/users/nicol/.platformio/packages/toolchain-gccarmnoneeabi/bin/../lib/gcc/arm-none-eabi/7.2.1/../../../../arm-none-eabi/lib/thumb/v7e-m\libc_nano.a
END GROUP
START GROUP
LOAD c:/users/nicol/.platformio/packages/toolchain-gccarmnoneeabi/bin/../lib/gcc/arm-none-eabi/7.2.1/thumb/v7e-m\libgcc.a
LOAD c:/users/nicol/.platformio/packages/toolchain-gccarmnoneeabi/bin/../lib/gcc/arm-none-eabi/7.2.1/../../../../arm-none-eabi/lib/thumb/v7e-m\libc_nano.a
LOAD c:/users/nicol/.platformio/packages/toolchain-gccarmnoneeabi/bin/../lib/gcc/arm-none-eabi/7.2.1/../../../../arm-none-eabi/lib/thumb/v7e-m\libnosys.a
END GROUP
START GROUP
LOAD c:/users/nicol/.platformio/packages/toolchain-gccarmnoneeabi/bin/../lib/gcc/arm-none-eabi/7.2.1/thumb/v7e-m\libgcc.a
LOAD c:/users/nicol/.platformio/packages/toolchain-gccarmnoneeabi/bin/../lib/gcc/arm-none-eabi/7.2.1/../../../../arm-none-eabi/lib/thumb/v7e-m\libc_nano.a
LOAD c:/users/nicol/.platformio/packages/toolchain-gccarmnoneeabi/bin/../lib/gcc/arm-none-eabi/7.2.1/../../../../arm-none-eabi/lib/thumb/v7e-m\libnosys.a
END GROUP
LOAD c:/users/nicol/.platformio/packages/toolchain-gccarmnoneeabi/bin/../lib/gcc/arm-none-eabi/7.2.1/thumb/v7e-m/crtend.o
LOAD c:/users/nicol/.platformio/packages/toolchain-gccarmnoneeabi/bin/../lib/gcc/arm-none-eabi/7.2.1/thumb/v7e-m/crtn.o
                0x20008000                _estack = (ORIGIN (RAM) + LENGTH (RAM))
                0x00000200                _Min_Heap_Size = 0x200
                0x00000400                _Min_Stack_Size = 0x400

.isr_vector     0x0800c800      0x1d8
                0x0800c800                . = ALIGN (0x4)
 *(.isr_vector)
 .isr_vector    0x0800c800      0x1d8 .pio\build\NUCLEO-G431KB\libFrameworkCMSISDevice.a(startup_stm32g431xx.o)
                0x0800c800                g_pfnVectors
                0x0800c9d8                . = ALIGN (0x4)

.text           0x0800c9d8     0x4390
                0x0800c9d8                . = ALIGN (0x4)
 *(.text)
 .text          0x0800c9d8       0x40 c:/users/nicol/.platformio/packages/toolchain-gccarmnoneeabi/bin/../lib/gcc/arm-none-eabi/7.2.1/thumb/v7e-m/crtbegin.o
 .text          0x0800ca18       0x10 c:/users/nicol/.platformio/packages/toolchain-gccarmnoneeabi/bin/../lib/gcc/arm-none-eabi/7.2.1/../../../../arm-none-eabi/lib/thumb/v7e-m\libc_nano.a(lib_a-strlen.o)
                0x0800ca18                strlen
 .text          0x0800ca28      0x2a0 c:/users/nicol/.platformio/packages/toolchain-gccarmnoneeabi/bin/../lib/gcc/arm-none-eabi/7.2.1/thumb/v7e-m\libgcc.a(_arm_muldivsf3.o)
                0x0800ca28                __mulsf3
                0x0800ca28                __aeabi_fmul
                0x0800cb90                __aeabi_fdiv
                0x0800cb90                __divsf3
 .text          0x0800ccc8       0x40 c:/users/nicol/.platformio/packages/toolchain-gccarmnoneeabi/bin/../lib/gcc/arm-none-eabi/7.2.1/thumb/v7e-m\libgcc.a(_arm_fixunssfsi.o)
                0x0800ccc8                __fixunssfsi
                0x0800ccc8                __aeabi_f2uiz
 *(.text*)
 .text.HAL_MspDeInit
                0x0800cd08        0x2 .pio\build\NUCLEO-G431KB\FrameworkHALDriver\Src\stm32g4xx_hal.o
                0x0800cd08                HAL_MspDeInit
 *fill*         0x0800cd0a        0x2 
 .text.HAL_DeInit
                0x0800cd0c       0x2c .pio\build\NUCLEO-G431KB\FrameworkHALDriver\Src\stm32g4xx_hal.o
                0x0800cd0c                HAL_DeInit
 .text.HAL_InitTick
                0x0800cd38       0x4c .pio\build\NUCLEO-G431KB\FrameworkHALDriver\Src\stm32g4xx_hal.o
                0x0800cd38                HAL_InitTick
 .text.HAL_Init
                0x0800cd84       0x1e .pio\build\NUCLEO-G431KB\FrameworkHALDriver\Src\stm32g4xx_hal.o
                0x0800cd84                HAL_Init
 *fill*         0x0800cda2        0x2 
 .text.HAL_IncTick
                0x0800cda4       0x18 .pio\build\NUCLEO-G431KB\FrameworkHALDriver\Src\stm32g4xx_hal.o
                0x0800cda4                HAL_IncTick
 .text.HAL_GetTick
                0x0800cdbc        0xc .pio\build\NUCLEO-G431KB\FrameworkHALDriver\Src\stm32g4xx_hal.o
                0x0800cdbc                HAL_GetTick
 .text.HAL_NVIC_SetPriorityGrouping
                0x0800cdc8       0x24 .pio\build\NUCLEO-G431KB\FrameworkHALDriver\Src\stm32g4xx_hal_cortex.o
                0x0800cdc8                HAL_NVIC_SetPriorityGrouping
 .text.HAL_NVIC_SetPriority
                0x0800cdec       0x68 .pio\build\NUCLEO-G431KB\FrameworkHALDriver\Src\stm32g4xx_hal_cortex.o
                0x0800cdec                HAL_NVIC_SetPriority
 .text.HAL_NVIC_EnableIRQ
                0x0800ce54       0x1c .pio\build\NUCLEO-G431KB\FrameworkHALDriver\Src\stm32g4xx_hal_cortex.o
                0x0800ce54                HAL_NVIC_EnableIRQ
 .text.HAL_SYSTICK_Config
                0x0800ce70       0x2c .pio\build\NUCLEO-G431KB\FrameworkHALDriver\Src\stm32g4xx_hal_cortex.o
                0x0800ce70                HAL_SYSTICK_Config
 .text.CRC_Handle_8
                0x0800ce9c       0x6a .pio\build\NUCLEO-G431KB\FrameworkHALDriver\Src\stm32g4xx_hal_crc.o
 .text.CRC_Handle_16
                0x0800cf06       0x2e .pio\build\NUCLEO-G431KB\FrameworkHALDriver\Src\stm32g4xx_hal_crc.o
 .text.HAL_CRC_MspInit
                0x0800cf34        0x2 .pio\build\NUCLEO-G431KB\FrameworkHALDriver\Src\stm32g4xx_hal_crc.o
                0x0800cf34                HAL_CRC_MspInit
 *fill*         0x0800cf36        0x2 
 .text.HAL_CRC_Init
                0x0800cf38       0x74 .pio\build\NUCLEO-G431KB\FrameworkHALDriver\Src\stm32g4xx_hal_crc.o
                0x0800cf38                HAL_CRC_Init
 .text.HAL_CRC_Accumulate
                0x0800cfac       0x40 .pio\build\NUCLEO-G431KB\FrameworkHALDriver\Src\stm32g4xx_hal_crc.o
                0x0800cfac                HAL_CRC_Accumulate
 .text.HAL_CRCEx_Polynomial_Set
                0x0800cfec       0x44 .pio\build\NUCLEO-G431KB\FrameworkHALDriver\Src\stm32g4xx_hal_crc_ex.o
                0x0800cfec                HAL_CRCEx_Polynomial_Set
 .text.FLASH_Program_Fast
                0x0800d030       0x2c .pio\build\NUCLEO-G431KB\FrameworkHALDriver\Src\stm32g4xx_hal_flash.o
 .text.HAL_FLASH_Unlock
                0x0800d05c       0x24 .pio\build\NUCLEO-G431KB\FrameworkHALDriver\Src\stm32g4xx_hal_flash.o
                0x0800d05c                HAL_FLASH_Unlock
 .text.HAL_FLASH_Lock
                0x0800d080       0x18 .pio\build\NUCLEO-G431KB\FrameworkHALDriver\Src\stm32g4xx_hal_flash.o
                0x0800d080                HAL_FLASH_Lock
 .text.FLASH_WaitForLastOperation
                0x0800d098       0x50 .pio\build\NUCLEO-G431KB\FrameworkHALDriver\Src\stm32g4xx_hal_flash.o
                0x0800d098                FLASH_WaitForLastOperation
 .text.HAL_FLASH_Program
                0x0800d0e8       0x80 .pio\build\NUCLEO-G431KB\FrameworkHALDriver\Src\stm32g4xx_hal_flash.o
                0x0800d0e8                HAL_FLASH_Program
 .text.FLASH_MassErase
                0x0800d168       0x20 .pio\build\NUCLEO-G431KB\FrameworkHALDriver\Src\stm32g4xx_hal_flash_ex.o
 .text.FLASH_PageErase
                0x0800d188       0x28 .pio\build\NUCLEO-G431KB\FrameworkHALDriver\Src\stm32g4xx_hal_flash_ex.o
                0x0800d188                FLASH_PageErase
 .text.FLASH_FlushCaches
                0x0800d1b0       0x58 .pio\build\NUCLEO-G431KB\FrameworkHALDriver\Src\stm32g4xx_hal_flash_ex.o
                0x0800d1b0                FLASH_FlushCaches
 .text.HAL_FLASHEx_Erase
                0x0800d208       0xdc .pio\build\NUCLEO-G431KB\FrameworkHALDriver\Src\stm32g4xx_hal_flash_ex.o
                0x0800d208                HAL_FLASHEx_Erase
 .text.HAL_GPIO_Init
                0x0800d2e4      0x198 .pio\build\NUCLEO-G431KB\FrameworkHALDriver\Src\stm32g4xx_hal_gpio.o
                0x0800d2e4                HAL_GPIO_Init
 .text.HAL_GPIO_ReadPin
                0x0800d47c        0xc .pio\build\NUCLEO-G431KB\FrameworkHALDriver\Src\stm32g4xx_hal_gpio.o
                0x0800d47c                HAL_GPIO_ReadPin
 .text.HAL_GPIO_WritePin
                0x0800d488        0xa .pio\build\NUCLEO-G431KB\FrameworkHALDriver\Src\stm32g4xx_hal_gpio.o
                0x0800d488                HAL_GPIO_WritePin
 *fill*         0x0800d492        0x2 
 .text.HAL_GPIO_EXTI_IRQHandler
                0x0800d494       0x18 .pio\build\NUCLEO-G431KB\FrameworkHALDriver\Src\stm32g4xx_hal_gpio.o
                0x0800d494                HAL_GPIO_EXTI_IRQHandler
 .text.HAL_PWREx_ControlVoltageScaling
                0x0800d4ac       0xb4 .pio\build\NUCLEO-G431KB\FrameworkHALDriver\Src\stm32g4xx_hal_pwr_ex.o
                0x0800d4ac                HAL_PWREx_ControlVoltageScaling
 .text.HAL_RCC_DeInit
                0x0800d560       0xb8 .pio\build\NUCLEO-G431KB\FrameworkHALDriver\Src\stm32g4xx_hal_rcc.o
                0x0800d560                HAL_RCC_DeInit
 .text.HAL_RCC_OscConfig
                0x0800d618      0x424 .pio\build\NUCLEO-G431KB\FrameworkHALDriver\Src\stm32g4xx_hal_rcc.o
                0x0800d618                HAL_RCC_OscConfig
 .text.HAL_RCC_GetSysClockFreq
                0x0800da3c       0x70 .pio\build\NUCLEO-G431KB\FrameworkHALDriver\Src\stm32g4xx_hal_rcc.o
                0x0800da3c                HAL_RCC_GetSysClockFreq
 .text.HAL_RCC_ClockConfig
                0x0800daac      0x1e8 .pio\build\NUCLEO-G431KB\FrameworkHALDriver\Src\stm32g4xx_hal_rcc.o
                0x0800daac                HAL_RCC_ClockConfig
 .text.LL_RCC_HSI_IsReady
                0x0800dc94       0x10 .pio\build\NUCLEO-G431KB\FrameworkHALDriver\Src\stm32g4xx_ll_rcc.o
 .text.LL_RCC_LSE_IsReady
                0x0800dca4       0x10 .pio\build\NUCLEO-G431KB\FrameworkHALDriver\Src\stm32g4xx_ll_rcc.o
 .text.RCC_GetHCLKClockFreq
                0x0800dcb4       0x1c .pio\build\NUCLEO-G431KB\FrameworkHALDriver\Src\stm32g4xx_ll_rcc.o
                0x0800dcb4                RCC_GetHCLKClockFreq
 .text.RCC_GetPCLK1ClockFreq
                0x0800dcd0       0x1c .pio\build\NUCLEO-G431KB\FrameworkHALDriver\Src\stm32g4xx_ll_rcc.o
                0x0800dcd0                RCC_GetPCLK1ClockFreq
 .text.RCC_GetPCLK2ClockFreq
                0x0800dcec       0x1c .pio\build\NUCLEO-G431KB\FrameworkHALDriver\Src\stm32g4xx_ll_rcc.o
                0x0800dcec                RCC_GetPCLK2ClockFreq
 .text.RCC_PLL_GetFreqDomain_SYS
                0x0800dd08       0x44 .pio\build\NUCLEO-G431KB\FrameworkHALDriver\Src\stm32g4xx_ll_rcc.o
                0x0800dd08                RCC_PLL_GetFreqDomain_SYS
 .text.RCC_GetSystemClockFreq
                0x0800dd4c       0x28 .pio\build\NUCLEO-G431KB\FrameworkHALDriver\Src\stm32g4xx_ll_rcc.o
                0x0800dd4c                RCC_GetSystemClockFreq
 .text.LL_RCC_GetUSARTClockFreq
                0x0800dd74       0xc8 .pio\build\NUCLEO-G431KB\FrameworkHALDriver\Src\stm32g4xx_ll_rcc.o
                0x0800dd74                LL_RCC_GetUSARTClockFreq
 .text.LL_RCC_GetUARTClockFreq
                0x0800de3c       0x68 .pio\build\NUCLEO-G431KB\FrameworkHALDriver\Src\stm32g4xx_ll_rcc.o
                0x0800de3c                LL_RCC_GetUARTClockFreq
 .text.LL_TIM_Init
                0x0800dea4       0xb8 .pio\build\NUCLEO-G431KB\FrameworkHALDriver\Src\stm32g4xx_ll_tim.o
                0x0800dea4                LL_TIM_Init
 .text.LL_USART_Init
                0x0800df5c       0xdc .pio\build\NUCLEO-G431KB\FrameworkHALDriver\Src\stm32g4xx_ll_usart.o
                0x0800df5c                LL_USART_Init
 .text.MX_GPIO_Init
                0x0800e038       0x7c .pio\build\NUCLEO-G431KB\src\gpio.o
                0x0800e038                MX_GPIO_Init
 .text.SystemClock_Config
                0x0800e0b4       0x6a .pio\build\NUCLEO-G431KB\src\main.o
                0x0800e0b4                SystemClock_Config
 .text.startup.main
                0x0800e11e       0x20 .pio\build\NUCLEO-G431KB\src\main.o
                0x0800e11e                main
 *fill*         0x0800e13e        0x2 
 .text.HAL_MspInit
                0x0800e140       0x30 .pio\build\NUCLEO-G431KB\src\stm32g4xx_hal_msp.o
                0x0800e140                HAL_MspInit
 .text.NMI_Handler
                0x0800e170        0x2 .pio\build\NUCLEO-G431KB\src\stm32g4xx_it.o
                0x0800e170                NMI_Handler
 .text.HardFault_Handler
                0x0800e172        0x2 .pio\build\NUCLEO-G431KB\src\stm32g4xx_it.o
                0x0800e172                HardFault_Handler
 .text.MemManage_Handler
                0x0800e174        0x2 .pio\build\NUCLEO-G431KB\src\stm32g4xx_it.o
                0x0800e174                MemManage_Handler
 .text.BusFault_Handler
                0x0800e176        0x2 .pio\build\NUCLEO-G431KB\src\stm32g4xx_it.o
                0x0800e176                BusFault_Handler
 .text.UsageFault_Handler
                0x0800e178        0x2 .pio\build\NUCLEO-G431KB\src\stm32g4xx_it.o
                0x0800e178                UsageFault_Handler
 .text.SVC_Handler
                0x0800e17a        0x2 .pio\build\NUCLEO-G431KB\src\stm32g4xx_it.o
                0x0800e17a                SVC_Handler
 .text.DebugMon_Handler
                0x0800e17c        0x2 .pio\build\NUCLEO-G431KB\src\stm32g4xx_it.o
                0x0800e17c                DebugMon_Handler
 .text.PendSV_Handler
                0x0800e17e        0x2 .pio\build\NUCLEO-G431KB\src\stm32g4xx_it.o
                0x0800e17e                PendSV_Handler
 .text.SysTick_Handler
                0x0800e180        0x4 .pio\build\NUCLEO-G431KB\src\stm32g4xx_it.o
                0x0800e180                SysTick_Handler
 .text.EXTI9_5_IRQHandler
                0x0800e184        0x6 .pio\build\NUCLEO-G431KB\src\stm32g4xx_it.o
                0x0800e184                EXTI9_5_IRQHandler
 .text.EXTI4_IRQHandler
                0x0800e18a        0x6 .pio\build\NUCLEO-G431KB\src\stm32g4xx_it.o
                0x0800e18a                EXTI4_IRQHandler
 .text.SystemInit
                0x0800e190       0x10 .pio\build\NUCLEO-G431KB\src\system_stm32g4xx.o
                0x0800e190                SystemInit
 .text.Luos_SaveAlias
                0x0800e1a0       0x6c .pio\build\NUCLEO-G431KB\lib358\libLuos.a(luos.o)
 .text.Luos_Init
                0x0800e20c       0x18 .pio\build\NUCLEO-G431KB\lib358\libLuos.a(luos.o)
                0x0800e20c                Luos_Init
 .text.Luos_CreateContainer
                0x0800e224      0x11c .pio\build\NUCLEO-G431KB\lib358\libLuos.a(luos.o)
                0x0800e224                Luos_CreateContainer
 .text.Luos_SendMsg
                0x0800e340       0x20 .pio\build\NUCLEO-G431KB\lib358\libLuos.a(luos.o)
                0x0800e340                Luos_SendMsg
 .text.Luos_ReceiveData
                0x0800e360       0xe4 .pio\build\NUCLEO-G431KB\lib358\libLuos.a(luos.o)
                0x0800e360                Luos_ReceiveData
 .text.Luos_MsgHandler
                0x0800e444      0x37c .pio\build\NUCLEO-G431KB\lib358\libLuos.a(luos.o)
 .text.Luos_Loop
                0x0800e7c0      0x1c8 .pio\build\NUCLEO-G431KB\lib358\libLuos.a(luos.o)
                0x0800e7c0                Luos_Loop
 .text.Luos_SendData
                0x0800e988       0xa0 .pio\build\NUCLEO-G431KB\lib358\libLuos.a(luos.o)
                0x0800e988                Luos_SendData
 .text.node_assert
                0x0800ea28        0x2 .pio\build\NUCLEO-G431KB\lib358\libLuos.a(luos_utils.o)
                0x0800ea28                node_assert
 .text.Luos_assert
                0x0800ea2a       0x7a .pio\build\NUCLEO-G431KB\lib358\libLuos.a(luos_utils.o)
                0x0800ea2a                Luos_assert
 .text.RoutingTB_ComputeRoutingTableEntryNB
                0x0800eaa4       0x44 .pio\build\NUCLEO-G431KB\lib358\libLuos.a(routing_table.o)
                0x0800eaa4                RoutingTB_ComputeRoutingTableEntryNB
 .text.RoutingTB_ConvertNodeToRoutingTable
                0x0800eae8       0x22 .pio\build\NUCLEO-G431KB\lib358\libLuos.a(routing_table.o)
                0x0800eae8                RoutingTB_ConvertNodeToRoutingTable
 .text.RoutingTB_ConvertContainerToRoutingTable
                0x0800eb0a       0x2a .pio\build\NUCLEO-G431KB\lib358\libLuos.a(routing_table.o)
                0x0800eb0a                RoutingTB_ConvertContainerToRoutingTable
 .text.RoutingTB_RemoveOnRoutingTable
                0x0800eb34       0x58 .pio\build\NUCLEO-G431KB\lib358\libLuos.a(routing_table.o)
                0x0800eb34                RoutingTB_RemoveOnRoutingTable
 .text.RoutingTB_RemoveNode
                0x0800eb8c       0x54 .pio\build\NUCLEO-G431KB\lib358\libLuos.a(routing_table.o)
                0x0800eb8c                RoutingTB_RemoveNode
 .text.RoutingTB_Erase
                0x0800ebe0       0x28 .pio\build\NUCLEO-G431KB\lib358\libLuos.a(routing_table.o)
                0x0800ebe0                RoutingTB_Erase
 .text.RoutingTB_Get
                0x0800ec08        0x8 .pio\build\NUCLEO-G431KB\lib358\libLuos.a(routing_table.o)
                0x0800ec08                RoutingTB_Get
 .text.RoutingTB_GetLastEntry
                0x0800ec10        0xc .pio\build\NUCLEO-G431KB\lib358\libLuos.a(routing_table.o)
                0x0800ec10                RoutingTB_GetLastEntry
 .text.MsgAlloc_CheckMsgSpace
                0x0800ec1c       0x30 .pio\build\NUCLEO-G431KB\lib358\libLuos.a(msg_alloc.o)
 .text.MsgAlloc_OldestMsgCandidate
                0x0800ec4c       0x58 .pio\build\NUCLEO-G431KB\lib358\libLuos.a(msg_alloc.o)
 .text.MsgAlloc_FindNewOldestMsg
                0x0800eca4       0x38 .pio\build\NUCLEO-G431KB\lib358\libLuos.a(msg_alloc.o)
 .text.MsgAlloc_ClearLuosTask
                0x0800ecdc       0x78 .pio\build\NUCLEO-G431KB\lib358\libLuos.a(msg_alloc.o)
 .text.MsgAlloc_ClearMsgTask
                0x0800ed54       0x7c .pio\build\NUCLEO-G431KB\lib358\libLuos.a(msg_alloc.o)
 .text.MsgAlloc_Init
                0x0800edd0       0x98 .pio\build\NUCLEO-G431KB\lib358\libLuos.a(msg_alloc.o)
                0x0800edd0                MsgAlloc_Init
 .text.MsgAlloc_ValidHeader
                0x0800ee68       0x7c .pio\build\NUCLEO-G431KB\lib358\libLuos.a(msg_alloc.o)
                0x0800ee68                MsgAlloc_ValidHeader
 .text.MsgAlloc_SetData
                0x0800eee4       0x14 .pio\build\NUCLEO-G431KB\lib358\libLuos.a(msg_alloc.o)
                0x0800eee4                MsgAlloc_SetData
 .text.MsgAlloc_UsedMsgEnd
                0x0800eef8        0xc .pio\build\NUCLEO-G431KB\lib358\libLuos.a(msg_alloc.o)
                0x0800eef8                MsgAlloc_UsedMsgEnd
 .text.MsgAlloc_LuosTaskAlloc
                0x0800ef04       0x80 .pio\build\NUCLEO-G431KB\lib358\libLuos.a(msg_alloc.o)
                0x0800ef04                MsgAlloc_LuosTaskAlloc
 .text.MsgAlloc_GetLuosTaskCmd
                0x0800ef84       0x24 .pio\build\NUCLEO-G431KB\lib358\libLuos.a(msg_alloc.o)
                0x0800ef84                MsgAlloc_GetLuosTaskCmd
 .text.MsgAlloc_GetLuosTaskSize
                0x0800efa8       0x24 .pio\build\NUCLEO-G431KB\lib358\libLuos.a(msg_alloc.o)
                0x0800efa8                MsgAlloc_GetLuosTaskSize
 .text.MsgAlloc_ClearMsgFromLuosTasks
                0x0800efcc       0x30 .pio\build\NUCLEO-G431KB\lib358\libLuos.a(msg_alloc.o)
                0x0800efcc                MsgAlloc_ClearMsgFromLuosTasks
 .text.MsgAlloc_SetTxTask
                0x0800effc      0x288 .pio\build\NUCLEO-G431KB\lib358\libLuos.a(msg_alloc.o)
                0x0800effc                MsgAlloc_SetTxTask
 .text.MsgAlloc_PullMsgFromTxTask
                0x0800f284       0x88 .pio\build\NUCLEO-G431KB\lib358\libLuos.a(msg_alloc.o)
                0x0800f284                MsgAlloc_PullMsgFromTxTask
 .text.MsgAlloc_ClearMsgSpace
                0x0800f30c      0x10c .pio\build\NUCLEO-G431KB\lib358\libLuos.a(msg_alloc.o)
 .text.MsgAlloc_ValidDataIntegrity
                0x0800f418       0x64 .pio\build\NUCLEO-G431KB\lib358\libLuos.a(msg_alloc.o)
 .text.MsgAlloc_loop
                0x0800f47c       0xc8 .pio\build\NUCLEO-G431KB\lib358\libLuos.a(msg_alloc.o)
                0x0800f47c                MsgAlloc_loop
 .text.MsgAlloc_PullMsgToInterpret
                0x0800f544       0x4c .pio\build\NUCLEO-G431KB\lib358\libLuos.a(msg_alloc.o)
                0x0800f544                MsgAlloc_PullMsgToInterpret
 .text.MsgAlloc_PullMsgFromLuosTask
                0x0800f590       0x38 .pio\build\NUCLEO-G431KB\lib358\libLuos.a(msg_alloc.o)
                0x0800f590                MsgAlloc_PullMsgFromLuosTask
 .text.MsgAlloc_LookAtLuosTask
                0x0800f5c8       0x2c .pio\build\NUCLEO-G431KB\lib358\libLuos.a(msg_alloc.o)
                0x0800f5c8                MsgAlloc_LookAtLuosTask
 .text.MsgAlloc_InvalidMsg
                0x0800f5f4       0x64 .pio\build\NUCLEO-G431KB\lib358\libLuos.a(msg_alloc.o)
                0x0800f5f4                MsgAlloc_InvalidMsg
 .text.MsgAlloc_EndMsg
                0x0800f658       0xf8 .pio\build\NUCLEO-G431KB\lib358\libLuos.a(msg_alloc.o)
                0x0800f658                MsgAlloc_EndMsg
 .text.MsgAlloc_PullContainerFromTxTask
                0x0800f750       0xb8 .pio\build\NUCLEO-G431KB\lib358\libLuos.a(msg_alloc.o)
                0x0800f750                MsgAlloc_PullContainerFromTxTask
 .text.MsgAlloc_GetTxTask
                0x0800f808       0x54 .pio\build\NUCLEO-G431KB\lib358\libLuos.a(msg_alloc.o)
                0x0800f808                MsgAlloc_GetTxTask
 .text.MsgAlloc_TxAllComplete
                0x0800f85c       0x14 .pio\build\NUCLEO-G431KB\lib358\libLuos.a(msg_alloc.o)
                0x0800f85c                MsgAlloc_TxAllComplete
 .text.PortMng_Reset
                0x0800f870       0x28 .pio\build\NUCLEO-G431KB\lib358\libLuos.a(port_manager.o)
 .text.PortMng_Init
                0x0800f898       0x30 .pio\build\NUCLEO-G431KB\lib358\libLuos.a(port_manager.o)
                0x0800f898                PortMng_Init
 .text.PortMng_PtpHandler
                0x0800f8c8       0x3c .pio\build\NUCLEO-G431KB\lib358\libLuos.a(port_manager.o)
                0x0800f8c8                PortMng_PtpHandler
 .text.PortMng_PokePort
                0x0800f904       0x58 .pio\build\NUCLEO-G431KB\lib358\libLuos.a(port_manager.o)
                0x0800f904                PortMng_PokePort
 .text.PortMng_PokeNextPort
                0x0800f95c       0x3c .pio\build\NUCLEO-G431KB\lib358\libLuos.a(port_manager.o)
                0x0800f95c                PortMng_PokeNextPort
 .text.Robus_Init
                0x0800f998       0x54 .pio\build\NUCLEO-G431KB\lib358\libLuos.a(robus.o)
                0x0800f998                Robus_Init
 .text.Robus_ContainerCreate
                0x0800f9ec       0x54 .pio\build\NUCLEO-G431KB\lib358\libLuos.a(robus.o)
                0x0800f9ec                Robus_ContainerCreate
 .text.Robus_SendMsg
                0x0800fa40       0xe8 .pio\build\NUCLEO-G431KB\lib358\libLuos.a(robus.o)
                0x0800fa40                Robus_SendMsg
 .text.Robus_DetectNextNodes
                0x0800fb28       0x8c .pio\build\NUCLEO-G431KB\lib358\libLuos.a(robus.o)
 .text.Robus_Loop
                0x0800fbb4      0x134 .pio\build\NUCLEO-G431KB\lib358\libLuos.a(robus.o)
                0x0800fbb4                Robus_Loop
 .text.Robus_GetNode
                0x0800fce8        0x8 .pio\build\NUCLEO-G431KB\lib358\libLuos.a(robus.o)
                0x0800fce8                Robus_GetNode
 .text.Robus_GetNodeID
                0x0800fcf0       0x10 .pio\build\NUCLEO-G431KB\lib358\libLuos.a(robus.o)
                0x0800fcf0                Robus_GetNodeID
 .text.Transmit_GetLockStatus
                0x0800fd00       0x20 .pio\build\NUCLEO-G431KB\lib358\libLuos.a(transmission.o)
 .text.Transmit_SendAck
                0x0800fd20       0x20 .pio\build\NUCLEO-G431KB\lib358\libLuos.a(transmission.o)
                0x0800fd20                Transmit_SendAck
 .text.Transmit_Process
                0x0800fd40       0xec .pio\build\NUCLEO-G431KB\lib358\libLuos.a(transmission.o)
                0x0800fd40                Transmit_Process
 .text.Transmit_End
                0x0800fe2c       0x58 .pio\build\NUCLEO-G431KB\lib358\libLuos.a(transmission.o)
                0x0800fe2c                Transmit_End
 .text.LuosBootloader_MsgHandler
                0x0800fe84       0x20 .pio\build\NUCLEO-G431KB\lib358\libLuos.a(bootloader.o)
                0x0800fe84                LuosBootloader_MsgHandler
 .text.Recep_Drop
                0x0800fea4        0x2 .pio\build\NUCLEO-G431KB\lib358\libLuos.a(reception.o)
                0x0800fea4                Recep_Drop
 *fill*         0x0800fea6        0x2 
 .text.Recep_CatchAck
                0x0800fea8       0x34 .pio\build\NUCLEO-G431KB\lib358\libLuos.a(reception.o)
                0x0800fea8                Recep_CatchAck
 .text.Recep_GetData
                0x0800fedc       0xc4 .pio\build\NUCLEO-G431KB\lib358\libLuos.a(reception.o)
                0x0800fedc                Recep_GetData
 .text.Recep_Init
                0x0800ffa0       0x14 .pio\build\NUCLEO-G431KB\lib358\libLuos.a(reception.o)
                0x0800ffa0                Recep_Init
 .text.Recep_Reset
                0x0800ffb4       0x34 .pio\build\NUCLEO-G431KB\lib358\libLuos.a(reception.o)
                0x0800ffb4                Recep_Reset
 .text.Recep_Timeout
                0x0800ffe8       0x38 .pio\build\NUCLEO-G431KB\lib358\libLuos.a(reception.o)
                0x0800ffe8                Recep_Timeout
 .text.Recep_GetConcernedLLContainer
                0x08010020       0x90 .pio\build\NUCLEO-G431KB\lib358\libLuos.a(reception.o)
                0x08010020                Recep_GetConcernedLLContainer
 .text.Recep_NodeConcerned
                0x080100b0       0xd4 .pio\build\NUCLEO-G431KB\lib358\libLuos.a(reception.o)
                0x080100b0                Recep_NodeConcerned
 .text.Recep_GetHeader
                0x08010184       0xb4 .pio\build\NUCLEO-G431KB\lib358\libLuos.a(reception.o)
                0x08010184                Recep_GetHeader
 .text.Recep_GetCollision
                0x08010238       0xc4 .pio\build\NUCLEO-G431KB\lib358\libLuos.a(reception.o)
                0x08010238                Recep_GetCollision
 .text.Recep_InterpretMsgProtocol
                0x080102fc      0x128 .pio\build\NUCLEO-G431KB\lib358\libLuos.a(reception.o)
                0x080102fc                Recep_InterpretMsgProtocol
 .text.Trgt_MulticastTargetBank
                0x08010424       0x20 .pio\build\NUCLEO-G431KB\lib358\libLuos.a(target.o)
                0x08010424                Trgt_MulticastTargetBank
 .text.Button_MsgHandler
                0x08010444       0x5c .pio\build\NUCLEO-G431KB\libe5c\libButton.a(button.o)
 .text.Button_Init
                0x080104a0       0x28 .pio\build\NUCLEO-G431KB\libe5c\libButton.a(button.o)
                0x080104a0                Button_Init
 .text.Button_Loop
                0x080104c8        0x2 .pio\build\NUCLEO-G431KB\libe5c\libButton.a(button.o)
                0x080104c8                Button_Loop
 *fill*         0x080104ca        0x2 
 .text.__libc_init_array
                0x080104cc       0x48 c:/users/nicol/.platformio/packages/toolchain-gccarmnoneeabi/bin/../lib/gcc/arm-none-eabi/7.2.1/../../../../arm-none-eabi/lib/thumb/v7e-m\libc_nano.a(lib_a-init.o)
                0x080104cc                __libc_init_array
 .text.memcpy   0x08010514       0x16 c:/users/nicol/.platformio/packages/toolchain-gccarmnoneeabi/bin/../lib/gcc/arm-none-eabi/7.2.1/../../../../arm-none-eabi/lib/thumb/v7e-m\libc_nano.a(lib_a-memcpy-stub.o)
                0x08010514                memcpy
 .text.memset   0x0801052a       0x10 c:/users/nicol/.platformio/packages/toolchain-gccarmnoneeabi/bin/../lib/gcc/arm-none-eabi/7.2.1/../../../../arm-none-eabi/lib/thumb/v7e-m\libc_nano.a(lib_a-memset.o)
                0x0801052a                memset
 *fill*         0x0801053a        0x2 
 .text.Reset_Handler
                0x0801053c       0x50 .pio\build\NUCLEO-G431KB\libFrameworkCMSISDevice.a(startup_stm32g431xx.o)
                0x0801053c                Reset_Handler
 .text.Default_Handler
                0x0801058c        0x2 .pio\build\NUCLEO-G431KB\libFrameworkCMSISDevice.a(startup_stm32g431xx.o)
                0x0801058c                RTC_Alarm_IRQHandler
                0x0801058c                EXTI2_IRQHandler
                0x0801058c                TIM8_TRG_COM_IRQHandler
                0x0801058c                TIM8_CC_IRQHandler
                0x0801058c                TIM1_CC_IRQHandler
                0x0801058c                USB_HP_IRQHandler
                0x0801058c                CORDIC_IRQHandler
                0x0801058c                EXTI3_IRQHandler
                0x0801058c                I2C3_ER_IRQHandler
                0x0801058c                EXTI0_IRQHandler
                0x0801058c                I2C2_EV_IRQHandler
                0x0801058c                FPU_IRQHandler
                0x0801058c                FDCAN1_IT1_IRQHandler
                0x0801058c                TIM1_UP_TIM16_IRQHandler
                0x0801058c                ADC1_2_IRQHandler
                0x0801058c                SPI1_IRQHandler
                0x0801058c                TIM6_DAC_IRQHandler
                0x0801058c                TIM8_UP_IRQHandler
                0x0801058c                DMA2_Channel2_IRQHandler
                0x0801058c                DMA1_Channel4_IRQHandler
                0x0801058c                USART3_IRQHandler
                0x0801058c                TIM4_IRQHandler
                0x0801058c                DMA2_Channel1_IRQHandler
                0x0801058c                I2C1_EV_IRQHandler
                0x0801058c                DMA1_Channel6_IRQHandler
                0x0801058c                UART4_IRQHandler
                0x0801058c                DMA2_Channel4_IRQHandler
                0x0801058c                TIM3_IRQHandler
                0x0801058c                RCC_IRQHandler
                0x0801058c                DMA1_Channel1_IRQHandler
                0x0801058c                Default_Handler
                0x0801058c                RTC_TAMP_LSECSS_IRQHandler
                0x0801058c                FMAC_IRQHandler
                0x0801058c                EXTI15_10_IRQHandler
                0x0801058c                UCPD1_IRQHandler
                0x0801058c                I2C3_EV_IRQHandler
                0x0801058c                RTC_WKUP_IRQHandler
                0x0801058c                PVD_PVM_IRQHandler
                0x0801058c                SPI2_IRQHandler
                0x0801058c                DMA2_Channel5_IRQHandler
                0x0801058c                CRS_IRQHandler
                0x0801058c                DMA1_Channel5_IRQHandler
                0x0801058c                USB_LP_IRQHandler
                0x0801058c                RNG_IRQHandler
                0x0801058c                TIM1_TRG_COM_TIM17_IRQHandler
                0x0801058c                DMA1_Channel3_IRQHandler
                0x0801058c                WWDG_IRQHandler
                0x0801058c                LPUART1_IRQHandler
                0x0801058c                DMA2_Channel6_IRQHandler
                0x0801058c                FDCAN1_IT0_IRQHandler
                0x0801058c                TIM2_IRQHandler
                0x0801058c                COMP1_2_3_IRQHandler
                0x0801058c                EXTI1_IRQHandler
                0x0801058c                USART2_IRQHandler
                0x0801058c                I2C2_ER_IRQHandler
                0x0801058c                DMA1_Channel2_IRQHandler
                0x0801058c                TIM8_BRK_IRQHandler
                0x0801058c                FLASH_IRQHandler
                0x0801058c                SPI3_IRQHandler
                0x0801058c                I2C1_ER_IRQHandler
                0x0801058c                LPTIM1_IRQHandler
                0x0801058c                DMAMUX_OVR_IRQHandler
                0x0801058c                USBWakeUp_IRQHandler
                0x0801058c                SAI1_IRQHandler
                0x0801058c                DMA2_Channel3_IRQHandler
                0x0801058c                COMP4_IRQHandler
                0x0801058c                TIM1_BRK_TIM15_IRQHandler
 *fill*         0x0801058e        0x2 
 .text.LuosHAL_SetTxState.part.0
                0x08010590       0x18 .pio\build\NUCLEO-G431KB\lib0e6\libLuosHAL.a(luos_hal.o)
 .text.LuosHAL_SetRxState.part.1
                0x080105a8       0x18 .pio\build\NUCLEO-G431KB\lib0e6\libLuosHAL.a(luos_hal.o)
 .text.LuosHAL_SetIrqState
                0x080105c0        0xc .pio\build\NUCLEO-G431KB\lib0e6\libLuosHAL.a(luos_hal.o)
                0x080105c0                LuosHAL_SetIrqState
 .text.LuosHAL_GetSystick
                0x080105cc        0x4 .pio\build\NUCLEO-G431KB\lib0e6\libLuosHAL.a(luos_hal.o)
                0x080105cc                LuosHAL_GetSystick
 .text.LuosHAL_ComInit
                0x080105d0      0x15c .pio\build\NUCLEO-G431KB\lib0e6\libLuosHAL.a(luos_hal.o)
                0x080105d0                LuosHAL_ComInit
 .text.LuosHAL_SetTxState
                0x0801072c       0x44 .pio\build\NUCLEO-G431KB\lib0e6\libLuosHAL.a(luos_hal.o)
                0x0801072c                LuosHAL_SetTxState
 .text.LuosHAL_SetRxState
                0x08010770       0x18 .pio\build\NUCLEO-G431KB\lib0e6\libLuosHAL.a(luos_hal.o)
                0x08010770                LuosHAL_SetRxState
 .text.LuosHAL_SetRxDetecPin
                0x08010788        0x2 .pio\build\NUCLEO-G431KB\lib0e6\libLuosHAL.a(luos_hal.o)
                0x08010788                LuosHAL_SetRxDetecPin
 *fill*         0x0801078a        0x2 
 .text.LuosHAL_ResetTimeout
                0x0801078c       0x34 .pio\build\NUCLEO-G431KB\lib0e6\libLuosHAL.a(luos_hal.o)
                0x0801078c                LuosHAL_ResetTimeout
 .text.USART1_IRQHandler
                0x080107c0       0x84 .pio\build\NUCLEO-G431KB\lib0e6\libLuosHAL.a(luos_hal.o)
                0x080107c0                USART1_IRQHandler
 .text.LuosHAL_ComTransmit
                0x08010844       0x8c .pio\build\NUCLEO-G431KB\lib0e6\libLuosHAL.a(luos_hal.o)
                0x08010844                LuosHAL_ComTransmit
 .text.LuosHAL_GetTxLockState
                0x080108d0       0x1c .pio\build\NUCLEO-G431KB\lib0e6\libLuosHAL.a(luos_hal.o)
                0x080108d0                LuosHAL_GetTxLockState
 .text.TIM7_IRQHandler
                0x080108ec       0x40 .pio\build\NUCLEO-G431KB\lib0e6\libLuosHAL.a(luos_hal.o)
                0x080108ec                TIM7_IRQHandler
 .text.HAL_GPIO_EXTI_Callback
                0x0801092c       0x20 .pio\build\NUCLEO-G431KB\lib0e6\libLuosHAL.a(luos_hal.o)
                0x0801092c                HAL_GPIO_EXTI_Callback
 .text.LuosHAL_SetPTPDefaultState
                0x0801094c       0x34 .pio\build\NUCLEO-G431KB\lib0e6\libLuosHAL.a(luos_hal.o)
                0x0801094c                LuosHAL_SetPTPDefaultState
 .text.LuosHAL_Init
                0x08010980      0x158 .pio\build\NUCLEO-G431KB\lib0e6\libLuosHAL.a(luos_hal.o)
                0x08010980                LuosHAL_Init
 .text.LuosHAL_SetPTPReverseState
                0x08010ad8       0x34 .pio\build\NUCLEO-G431KB\lib0e6\libLuosHAL.a(luos_hal.o)
                0x08010ad8                LuosHAL_SetPTPReverseState
 .text.LuosHAL_PushPTP
                0x08010b0c       0x34 .pio\build\NUCLEO-G431KB\lib0e6\libLuosHAL.a(luos_hal.o)
                0x08010b0c                LuosHAL_PushPTP
 .text.LuosHAL_GetPTPState
                0x08010b40       0x14 .pio\build\NUCLEO-G431KB\lib0e6\libLuosHAL.a(luos_hal.o)
                0x08010b40                LuosHAL_GetPTPState
 .text.LuosHAL_ComputeCRC
                0x08010b54       0x28 .pio\build\NUCLEO-G431KB\lib0e6\libLuosHAL.a(luos_hal.o)
                0x08010b54                LuosHAL_ComputeCRC
 .text.LuosHAL_FlashWriteLuosMemoryInfo
                0x08010b7c      0x100 .pio\build\NUCLEO-G431KB\lib0e6\libLuosHAL.a(luos_hal.o)
                0x08010b7c                LuosHAL_FlashWriteLuosMemoryInfo
 .text.LuosHAL_FlashReadLuosMemoryInfo
                0x08010c7c        0xc .pio\build\NUCLEO-G431KB\lib0e6\libLuosHAL.a(luos_hal.o)
                0x08010c7c                LuosHAL_FlashReadLuosMemoryInfo
 .text.LuosHAL_SetMode
                0x08010c88       0x40 .pio\build\NUCLEO-G431KB\lib0e6\libLuosHAL.a(luos_hal.o)
                0x08010c88                LuosHAL_SetMode
 .text.LuosHAL_SaveNodeID
                0x08010cc8       0x4c .pio\build\NUCLEO-G431KB\lib0e6\libLuosHAL.a(luos_hal.o)
                0x08010cc8                LuosHAL_SaveNodeID
 .text.LuosHAL_Reboot
                0x08010d14       0x3c .pio\build\NUCLEO-G431KB\lib0e6\libLuosHAL.a(luos_hal.o)
                0x08010d14                LuosHAL_Reboot
 *(.glue_7)
 .glue_7        0x08010d50        0x0 linker stubs
 *(.glue_7t)
 .glue_7t       0x08010d50        0x0 linker stubs
 *(.eh_frame)
 .eh_frame      0x08010d50        0x0 c:/users/nicol/.platformio/packages/toolchain-gccarmnoneeabi/bin/../lib/gcc/arm-none-eabi/7.2.1/thumb/v7e-m/crtbegin.o
 *(.init)
 .init          0x08010d50        0x4 c:/users/nicol/.platformio/packages/toolchain-gccarmnoneeabi/bin/../lib/gcc/arm-none-eabi/7.2.1/thumb/v7e-m/crti.o
                0x08010d50                _init
 .init          0x08010d54        0x8 c:/users/nicol/.platformio/packages/toolchain-gccarmnoneeabi/bin/../lib/gcc/arm-none-eabi/7.2.1/thumb/v7e-m/crtn.o
 *(.fini)
 .fini          0x08010d5c        0x4 c:/users/nicol/.platformio/packages/toolchain-gccarmnoneeabi/bin/../lib/gcc/arm-none-eabi/7.2.1/thumb/v7e-m/crti.o
                0x08010d5c                _fini
 .fini          0x08010d60        0x8 c:/users/nicol/.platformio/packages/toolchain-gccarmnoneeabi/bin/../lib/gcc/arm-none-eabi/7.2.1/thumb/v7e-m/crtn.o
                0x08010d68                . = ALIGN (0x4)
                0x08010d68                _etext = .

.vfp11_veneer   0x08010d68        0x0
 .vfp11_veneer  0x08010d68        0x0 linker stubs

.v4_bx          0x08010d68        0x0
 .v4_bx         0x08010d68        0x0 linker stubs

.iplt           0x08010d68        0x0
 .iplt          0x08010d68        0x0 c:/users/nicol/.platformio/packages/toolchain-gccarmnoneeabi/bin/../lib/gcc/arm-none-eabi/7.2.1/thumb/v7e-m/crtbegin.o

.rodata         0x08010d68       0xf8
                0x08010d68                . = ALIGN (0x4)
 *(.rodata)
 *(.rodata*)
 .rodata.USART_PRESCALER_TAB
                0x08010d68       0x30 .pio\build\NUCLEO-G431KB\FrameworkHALDriver\Src\stm32g4xx_ll_usart.o
 .rodata.AHBPrescTable
                0x08010d98       0x10 .pio\build\NUCLEO-G431KB\src\system_stm32g4xx.o
                0x08010d98                AHBPrescTable
 .rodata.APBPrescTable
                0x08010da8        0x8 .pio\build\NUCLEO-G431KB\src\system_stm32g4xx.o
                0x08010da8                APBPrescTable
 .rodata.Luos_ReceiveData.str1.1
                0x08010db0       0x30 .pio\build\NUCLEO-G431KB\lib358\libLuos.a(luos.o)
 .rodata.RoutingTB_RemoveOnRoutingTable.str1.1
                0x08010de0       0x39 .pio\build\NUCLEO-G431KB\lib358\libLuos.a(routing_table.o)
 .rodata.MsgAlloc_OldestMsgCandidate.str1.1
                0x08010e19       0x3b .pio\build\NUCLEO-G431KB\lib358\libLuos.a(msg_alloc.o)
 .rodata.Button_Init.str1.1
                0x08010e54        0xb .pio\build\NUCLEO-G431KB\libe5c\libButton.a(button.o)
                0x08010e60                . = ALIGN (0x4)
 *fill*         0x08010e5f        0x1 

.rel.dyn        0x08010e60        0x0
 .rel.iplt      0x08010e60        0x0 c:/users/nicol/.platformio/packages/toolchain-gccarmnoneeabi/bin/../lib/gcc/arm-none-eabi/7.2.1/thumb/v7e-m/crtbegin.o

.ARM.extab      0x08010e60        0x0
                0x08010e60                . = ALIGN (0x4)
 *(.ARM.extab* .gnu.linkonce.armextab.*)
                0x08010e60                . = ALIGN (0x4)

.ARM            0x08010e60        0x0
                0x08010e60                . = ALIGN (0x4)
                0x08010e60                __exidx_start = .
 *(.ARM.exidx*)
                0x08010e60                __exidx_end = .
                0x08010e60                . = ALIGN (0x4)

.preinit_array  0x08010e60        0x0
                0x08010e60                . = ALIGN (0x4)
                0x08010e60                PROVIDE (__preinit_array_start, .)
 *(.preinit_array*)
                0x08010e60                PROVIDE (__preinit_array_end, .)
                0x08010e60                . = ALIGN (0x4)

.init_array     0x08010e60        0x4
                0x08010e60                . = ALIGN (0x4)
                0x08010e60                PROVIDE (__init_array_start, .)
 *(SORT_BY_NAME(.init_array.*))
 *(.init_array*)
 .init_array    0x08010e60        0x4 c:/users/nicol/.platformio/packages/toolchain-gccarmnoneeabi/bin/../lib/gcc/arm-none-eabi/7.2.1/thumb/v7e-m/crtbegin.o
                0x08010e64                PROVIDE (__init_array_end, .)
                0x08010e64                . = ALIGN (0x4)

.fini_array     0x08010e64        0x4
                0x08010e64                . = ALIGN (0x4)
                [!provide]                PROVIDE (__fini_array_start, .)
 *(SORT_BY_NAME(.fini_array.*))
 *(.fini_array*)
 .fini_array    0x08010e64        0x4 c:/users/nicol/.platformio/packages/toolchain-gccarmnoneeabi/bin/../lib/gcc/arm-none-eabi/7.2.1/thumb/v7e-m/crtbegin.o
                [!provide]                PROVIDE (__fini_array_end, .)
                0x08010e68                . = ALIGN (0x4)
                0x08010e68                _sidata = LOADADDR (.data)

.data           0x20000000       0x34 load address 0x08010e68
                0x20000000                . = ALIGN (0x4)
                0x20000000                _sdata = .
 *(.data)
 *(.data*)
 .data.uwTickFreq
                0x20000000        0x4 .pio\build\NUCLEO-G431KB\FrameworkHALDriver\Src\stm32g4xx_hal.o
                0x20000000                uwTickFreq
 .data.uwTickPrio
                0x20000004        0x4 .pio\build\NUCLEO-G431KB\FrameworkHALDriver\Src\stm32g4xx_hal.o
                0x20000004                uwTickPrio
 .data.pFlash   0x20000008       0x20 .pio\build\NUCLEO-G431KB\FrameworkHALDriver\Src\stm32g4xx_hal_flash.o
                0x20000008                pFlash
 .data.SystemCoreClock
                0x20000028        0x4 .pio\build\NUCLEO-G431KB\src\system_stm32g4xx.o
                0x20000028                SystemCoreClock
 .data.luos_version
                0x2000002c        0x3 .pio\build\NUCLEO-G431KB\lib358\libLuos.a(luos.o)
                0x2000002c                luos_version
 *fill*         0x2000002f        0x1 
 .data.Timer_Prescaler
                0x20000030        0x4 .pio\build\NUCLEO-G431KB\lib0e6\libLuosHAL.a(luos_hal.o)
                0x20000030                Timer_Prescaler
                0x20000034                . = ALIGN (0x4)
                0x20000034                _edata = .

.igot.plt       0x20000034        0x0 load address 0x08010e9c
 .igot.plt      0x20000034        0x0 c:/users/nicol/.platformio/packages/toolchain-gccarmnoneeabi/bin/../lib/gcc/arm-none-eabi/7.2.1/thumb/v7e-m/crtbegin.o
                0x20000034                . = ALIGN (0x4)

.bss            0x20000034      0x870 load address 0x08010e9c
                0x20000034                _sbss = .
                0x20000034                __bss_start__ = _sbss
 *(.bss)
 .bss           0x20000034       0x1c c:/users/nicol/.platformio/packages/toolchain-gccarmnoneeabi/bin/../lib/gcc/arm-none-eabi/7.2.1/thumb/v7e-m/crtbegin.o
 *(.bss*)
 .bss.data_size.13254
                0x20000050       0x14 .pio\build\NUCLEO-G431KB\lib358\libLuos.a(luos.o)
 .bss.last_loop_date.13084
                0x20000064        0x4 .pio\build\NUCLEO-G431KB\lib358\libLuos.a(luos.o)
 .bss.last_msg_size.13256
                0x20000068        0x2 .pio\build\NUCLEO-G431KB\lib358\libLuos.a(luos.o)
 *fill*         0x2000006a        0x2 
 .bss.total_data_size.13255
                0x2000006c       0x14 .pio\build\NUCLEO-G431KB\lib358\libLuos.a(luos.o)
 .bss.last_container
                0x20000080        0x2 .pio\build\NUCLEO-G431KB\lib358\libLuos.a(routing_table.o)
                0x20000080                last_container
 .bss.last_routing_table_entry
                0x20000082        0x2 .pio\build\NUCLEO-G431KB\lib358\libLuos.a(routing_table.o)
                0x20000082                last_routing_table_entry
 .bss.copy_task_pointer
                0x20000084        0x4 .pio\build\NUCLEO-G431KB\lib358\libLuos.a(msg_alloc.o)
                0x20000084                copy_task_pointer
 .bss.mem_stat  0x20000088        0x4 .pio\build\NUCLEO-G431KB\lib358\libLuos.a(msg_alloc.o)
                0x20000088                mem_stat
 .bss.oldest_msg
                0x2000008c        0x4 .pio\build\NUCLEO-G431KB\lib358\libLuos.a(msg_alloc.o)
                0x2000008c                oldest_msg
 .bss.used_msg  0x20000090        0x4 .pio\build\NUCLEO-G431KB\lib358\libLuos.a(msg_alloc.o)
                0x20000090                used_msg
 .bss.Port_ExpectedState
                0x20000094        0x1 .pio\build\NUCLEO-G431KB\lib358\libLuos.a(port_manager.o)
                0x20000094                Port_ExpectedState
 *fill*         0x20000095        0x1 
 .bss.last_node
                0x20000096        0x2 .pio\build\NUCLEO-G431KB\lib358\libLuos.a(robus.o)
                0x20000096                last_node
 .bss.nbrRetry  0x20000098        0x1 .pio\build\NUCLEO-G431KB\lib358\libLuos.a(transmission.o)
                0x20000098                nbrRetry
 *fill*         0x20000099        0x1 
 .bss.crc_val   0x2000009a        0x2 .pio\build\NUCLEO-G431KB\lib358\libLuos.a(reception.o)
                0x2000009a                crc_val
 .bss.data_count
                0x2000009c        0x2 .pio\build\NUCLEO-G431KB\lib358\libLuos.a(reception.o)
                0x2000009c                data_count
 .bss.data_size
                0x2000009e        0x2 .pio\build\NUCLEO-G431KB\lib358\libLuos.a(reception.o)
                0x2000009e                data_size
 .bss.GPIO_InitStruct
                0x200000a0       0x14 .pio\build\NUCLEO-G431KB\lib0e6\libLuosHAL.a(luos_hal.o)
                0x200000a0                GPIO_InitStruct
 .bss.data_size_to_transmit
                0x200000b4        0x2 .pio\build\NUCLEO-G431KB\lib0e6\libLuosHAL.a(luos_hal.o)
                0x200000b4                data_size_to_transmit
 *fill*         0x200000b6        0x2 
 .bss.tx_data   0x200000b8        0x4 .pio\build\NUCLEO-G431KB\lib0e6\libLuosHAL.a(luos_hal.o)
                0x200000b8                tx_data
 *(COMMON)
 COMMON         0x200000bc        0x4 .pio\build\NUCLEO-G431KB\FrameworkHALDriver\Src\stm32g4xx_hal.o
                0x200000bc                uwTick
 COMMON         0x200000c0      0x12e .pio\build\NUCLEO-G431KB\lib358\libLuos.a(luos.o)
                0x200000c0                container_number
                0x200000c2                general_stats
                0x200000cc                routing_table_pt
                0x200000d0                luos_stats
                0x200000d6                container_table
 COMMON         0x200001ee      0x348 .pio\build\NUCLEO-G431KB\lib358\libLuos.a(routing_table.o)
                0x200001ee                routing_table
 *fill*         0x20000536        0x2 
 COMMON         0x20000538      0x2c4 .pio\build\NUCLEO-G431KB\lib358\libLuos.a(msg_alloc.o)
                0x20000538                msg_tasks
                0x20000560                msg_buffer
                0x200006f5                mem_clear_needed
                0x200006f8                data_ptr
                0x200006fc                data_end_estimation
                0x20000700                luos_tasks
                0x20000750                msg_tasks_stack_id
                0x20000752                luos_tasks_stack_id
                0x20000754                tx_tasks_stack_id
                0x20000758                tx_tasks
                0x200007f8                current_msg
 COMMON         0x200007fc       0x6c .pio\build\NUCLEO-G431KB\lib358\libLuos.a(robus.o)
                0x200007fc                ctx
                0x20000864                baudrate
 COMMON         0x20000868       0x3c .pio\build\NUCLEO-G431KB\lib0e6\libLuosHAL.a(luos_hal.o)
                0x20000868                hcrc
                0x2000088c                PTP
                0x200008a4                . = ALIGN (0x4)
                0x200008a4                _ebss = .
                0x200008a4                __bss_end__ = _ebss

._user_heap_stack
                0x200008a4      0x604 load address 0x08010e9c
                0x200008a8                . = ALIGN (0x8)
 *fill*         0x200008a4        0x4 
                [!provide]                PROVIDE (end, .)
                [!provide]                PROVIDE (_end, .)
                0x20000aa8                . = (. + _Min_Heap_Size)
 *fill*         0x200008a8      0x200 
                0x20000ea8                . = (. + _Min_Stack_Size)
 *fill*         0x20000aa8      0x400 
                0x20000ea8                . = ALIGN (0x8)

/DISCARD/
 libc.a(*)
 libm.a(*)
 libgcc.a(*)

.ARM.attributes
                0x00000000       0x2a
 *(.ARM.attributes)
 .ARM.attributes
                0x00000000       0x1e c:/users/nicol/.platformio/packages/toolchain-gccarmnoneeabi/bin/../lib/gcc/arm-none-eabi/7.2.1/thumb/v7e-m/crti.o
 .ARM.attributes
                0x0000001e       0x2e c:/users/nicol/.platformio/packages/toolchain-gccarmnoneeabi/bin/../lib/gcc/arm-none-eabi/7.2.1/thumb/v7e-m/crtbegin.o
 .ARM.attributes
                0x0000004c       0x33 .pio\build\NUCLEO-G431KB\FrameworkHALDriver\Src\stm32g4xx_hal.o
 .ARM.attributes
                0x0000007f       0x33 .pio\build\NUCLEO-G431KB\FrameworkHALDriver\Src\stm32g4xx_hal_cortex.o
 .ARM.attributes
                0x000000b2       0x33 .pio\build\NUCLEO-G431KB\FrameworkHALDriver\Src\stm32g4xx_hal_crc.o
 .ARM.attributes
                0x000000e5       0x33 .pio\build\NUCLEO-G431KB\FrameworkHALDriver\Src\stm32g4xx_hal_crc_ex.o
 .ARM.attributes
                0x00000118       0x33 .pio\build\NUCLEO-G431KB\FrameworkHALDriver\Src\stm32g4xx_hal_flash.o
 .ARM.attributes
                0x0000014b       0x33 .pio\build\NUCLEO-G431KB\FrameworkHALDriver\Src\stm32g4xx_hal_flash_ex.o
 .ARM.attributes
                0x0000017e       0x33 .pio\build\NUCLEO-G431KB\FrameworkHALDriver\Src\stm32g4xx_hal_gpio.o
 .ARM.attributes
                0x000001b1       0x33 .pio\build\NUCLEO-G431KB\FrameworkHALDriver\Src\stm32g4xx_hal_pwr_ex.o
 .ARM.attributes
                0x000001e4       0x33 .pio\build\NUCLEO-G431KB\FrameworkHALDriver\Src\stm32g4xx_hal_rcc.o
 .ARM.attributes
                0x00000217       0x33 .pio\build\NUCLEO-G431KB\FrameworkHALDriver\Src\stm32g4xx_ll_rcc.o
 .ARM.attributes
                0x0000024a       0x33 .pio\build\NUCLEO-G431KB\FrameworkHALDriver\Src\stm32g4xx_ll_tim.o
 .ARM.attributes
                0x0000027d       0x33 .pio\build\NUCLEO-G431KB\FrameworkHALDriver\Src\stm32g4xx_ll_usart.o
 .ARM.attributes
                0x000002b0       0x33 .pio\build\NUCLEO-G431KB\src\gpio.o
 .ARM.attributes
                0x000002e3       0x33 .pio\build\NUCLEO-G431KB\src\main.o
 .ARM.attributes
                0x00000316       0x33 .pio\build\NUCLEO-G431KB\src\stm32g4xx_hal_msp.o
 .ARM.attributes
                0x00000349       0x33 .pio\build\NUCLEO-G431KB\src\stm32g4xx_it.o
 .ARM.attributes
                0x0000037c       0x33 .pio\build\NUCLEO-G431KB\src\system_stm32g4xx.o
 .ARM.attributes
                0x000003af       0x33 .pio\build\NUCLEO-G431KB\lib358\libLuos.a(luos.o)
 .ARM.attributes
                0x000003e2       0x33 .pio\build\NUCLEO-G431KB\lib358\libLuos.a(luos_utils.o)
 .ARM.attributes
                0x00000415       0x33 .pio\build\NUCLEO-G431KB\lib358\libLuos.a(routing_table.o)
 .ARM.attributes
                0x00000448       0x33 .pio\build\NUCLEO-G431KB\lib358\libLuos.a(msg_alloc.o)
 .ARM.attributes
                0x0000047b       0x33 .pio\build\NUCLEO-G431KB\lib358\libLuos.a(port_manager.o)
 .ARM.attributes
                0x000004ae       0x33 .pio\build\NUCLEO-G431KB\lib358\libLuos.a(robus.o)
 .ARM.attributes
                0x000004e1       0x33 .pio\build\NUCLEO-G431KB\lib358\libLuos.a(transmission.o)
 .ARM.attributes
                0x00000514       0x33 .pio\build\NUCLEO-G431KB\lib358\libLuos.a(bootloader.o)
 .ARM.attributes
                0x00000547       0x33 .pio\build\NUCLEO-G431KB\lib358\libLuos.a(reception.o)
 .ARM.attributes
                0x0000057a       0x33 .pio\build\NUCLEO-G431KB\lib358\libLuos.a(target.o)
 .ARM.attributes
                0x000005ad       0x33 .pio\build\NUCLEO-G431KB\libe5c\libButton.a(button.o)
 .ARM.attributes
                0x000005e0       0x2e c:/users/nicol/.platformio/packages/toolchain-gccarmnoneeabi/bin/../lib/gcc/arm-none-eabi/7.2.1/../../../../arm-none-eabi/lib/thumb/v7e-m\libc_nano.a(lib_a-init.o)
 .ARM.attributes
                0x0000060e       0x2e c:/users/nicol/.platformio/packages/toolchain-gccarmnoneeabi/bin/../lib/gcc/arm-none-eabi/7.2.1/../../../../arm-none-eabi/lib/thumb/v7e-m\libc_nano.a(lib_a-memcpy-stub.o)
 .ARM.attributes
                0x0000063c       0x2e c:/users/nicol/.platformio/packages/toolchain-gccarmnoneeabi/bin/../lib/gcc/arm-none-eabi/7.2.1/../../../../arm-none-eabi/lib/thumb/v7e-m\libc_nano.a(lib_a-memset.o)
 .ARM.attributes
                0x0000066a       0x17 c:/users/nicol/.platformio/packages/toolchain-gccarmnoneeabi/bin/../lib/gcc/arm-none-eabi/7.2.1/../../../../arm-none-eabi/lib/thumb/v7e-m\libc_nano.a(lib_a-strlen.o)
 .ARM.attributes
                0x00000681       0x1e c:/users/nicol/.platformio/packages/toolchain-gccarmnoneeabi/bin/../lib/gcc/arm-none-eabi/7.2.1/thumb/v7e-m\libgcc.a(_arm_muldivsf3.o)
 .ARM.attributes
                0x0000069f       0x1e c:/users/nicol/.platformio/packages/toolchain-gccarmnoneeabi/bin/../lib/gcc/arm-none-eabi/7.2.1/thumb/v7e-m\libgcc.a(_arm_fixunssfsi.o)
 .ARM.attributes
                0x000006bd       0x21 .pio\build\NUCLEO-G431KB\libFrameworkCMSISDevice.a(startup_stm32g431xx.o)
 .ARM.attributes
                0x000006de       0x33 .pio\build\NUCLEO-G431KB\lib0e6\libLuosHAL.a(luos_hal.o)
 .ARM.attributes
                0x00000711       0x1e c:/users/nicol/.platformio/packages/toolchain-gccarmnoneeabi/bin/../lib/gcc/arm-none-eabi/7.2.1/thumb/v7e-m/crtn.o
OUTPUT(.pio\build\NUCLEO-G431KB\firmware.elf elf32-littlearm)

.comment        0x00000000       0x7e
 .comment       0x00000000       0x7e .pio\build\NUCLEO-G431KB\FrameworkHALDriver\Src\stm32g4xx_hal.o
                                 0x7f (size before relaxing)
 .comment       0x0000007e       0x7f .pio\build\NUCLEO-G431KB\FrameworkHALDriver\Src\stm32g4xx_hal_cortex.o
 .comment       0x0000007e       0x7f .pio\build\NUCLEO-G431KB\FrameworkHALDriver\Src\stm32g4xx_hal_crc.o
 .comment       0x0000007e       0x7f .pio\build\NUCLEO-G431KB\FrameworkHALDriver\Src\stm32g4xx_hal_crc_ex.o
 .comment       0x0000007e       0x7f .pio\build\NUCLEO-G431KB\FrameworkHALDriver\Src\stm32g4xx_hal_flash.o
 .comment       0x0000007e       0x7f .pio\build\NUCLEO-G431KB\FrameworkHALDriver\Src\stm32g4xx_hal_flash_ex.o
 .comment       0x0000007e       0x7f .pio\build\NUCLEO-G431KB\FrameworkHALDriver\Src\stm32g4xx_hal_gpio.o
 .comment       0x0000007e       0x7f .pio\build\NUCLEO-G431KB\FrameworkHALDriver\Src\stm32g4xx_hal_pwr_ex.o
 .comment       0x0000007e       0x7f .pio\build\NUCLEO-G431KB\FrameworkHALDriver\Src\stm32g4xx_hal_rcc.o
 .comment       0x0000007e       0x7f .pio\build\NUCLEO-G431KB\FrameworkHALDriver\Src\stm32g4xx_ll_rcc.o
 .comment       0x0000007e       0x7f .pio\build\NUCLEO-G431KB\FrameworkHALDriver\Src\stm32g4xx_ll_tim.o
 .comment       0x0000007e       0x7f .pio\build\NUCLEO-G431KB\FrameworkHALDriver\Src\stm32g4xx_ll_usart.o
 .comment       0x0000007e       0x7f .pio\build\NUCLEO-G431KB\src\gpio.o
 .comment       0x0000007e       0x7f .pio\build\NUCLEO-G431KB\src\main.o
 .comment       0x0000007e       0x7f .pio\build\NUCLEO-G431KB\src\stm32g4xx_hal_msp.o
 .comment       0x0000007e       0x7f .pio\build\NUCLEO-G431KB\src\stm32g4xx_it.o
 .comment       0x0000007e       0x7f .pio\build\NUCLEO-G431KB\src\system_stm32g4xx.o
 .comment       0x0000007e       0x7f .pio\build\NUCLEO-G431KB\lib358\libLuos.a(luos.o)
 .comment       0x0000007e       0x7f .pio\build\NUCLEO-G431KB\lib358\libLuos.a(luos_utils.o)
 .comment       0x0000007e       0x7f .pio\build\NUCLEO-G431KB\lib358\libLuos.a(routing_table.o)
 .comment       0x0000007e       0x7f .pio\build\NUCLEO-G431KB\lib358\libLuos.a(msg_alloc.o)
 .comment       0x0000007e       0x7f .pio\build\NUCLEO-G431KB\lib358\libLuos.a(port_manager.o)
 .comment       0x0000007e       0x7f .pio\build\NUCLEO-G431KB\lib358\libLuos.a(robus.o)
 .comment       0x0000007e       0x7f .pio\build\NUCLEO-G431KB\lib358\libLuos.a(transmission.o)
 .comment       0x0000007e       0x7f .pio\build\NUCLEO-G431KB\lib358\libLuos.a(bootloader.o)
 .comment       0x0000007e       0x7f .pio\build\NUCLEO-G431KB\lib358\libLuos.a(reception.o)
 .comment       0x0000007e       0x7f .pio\build\NUCLEO-G431KB\lib358\libLuos.a(target.o)
 .comment       0x0000007e       0x7f .pio\build\NUCLEO-G431KB\libe5c\libButton.a(button.o)
 .comment       0x0000007e       0x7f .pio\build\NUCLEO-G431KB\lib0e6\libLuosHAL.a(luos_hal.o)

.debug_frame    0x00000000       0xd0
 .debug_frame   0x00000000       0x2c c:/users/nicol/.platformio/packages/toolchain-gccarmnoneeabi/bin/../lib/gcc/arm-none-eabi/7.2.1/../../../../arm-none-eabi/lib/thumb/v7e-m\libc_nano.a(lib_a-init.o)
 .debug_frame   0x0000002c       0x28 c:/users/nicol/.platformio/packages/toolchain-gccarmnoneeabi/bin/../lib/gcc/arm-none-eabi/7.2.1/../../../../arm-none-eabi/lib/thumb/v7e-m\libc_nano.a(lib_a-memcpy-stub.o)
 .debug_frame   0x00000054       0x20 c:/users/nicol/.platformio/packages/toolchain-gccarmnoneeabi/bin/../lib/gcc/arm-none-eabi/7.2.1/../../../../arm-none-eabi/lib/thumb/v7e-m\libc_nano.a(lib_a-memset.o)
 .debug_frame   0x00000074       0x38 c:/users/nicol/.platformio/packages/toolchain-gccarmnoneeabi/bin/../lib/gcc/arm-none-eabi/7.2.1/thumb/v7e-m\libgcc.a(_arm_muldivsf3.o)
 .debug_frame   0x000000ac       0x24 c:/users/nicol/.platformio/packages/toolchain-gccarmnoneeabi/bin/../lib/gcc/arm-none-eabi/7.2.1/thumb/v7e-m\libgcc.a(_arm_fixunssfsi.o)
